Archive member included because of file (symbol)

D:\qp\qpc/ports/arm-cortex/qk/gnu/rel\libqp_cortex-m3_cs.a(qhsm_top.o)
                              rel/table.o (QHsm_top)
D:\qp\qpc/ports/arm-cortex/qk/gnu/rel\libqp_cortex-m3_cs.a(qa_fifo.o)
                              rel/philo.o (QActive_postFIFO)
D:\qp\qpc/ports/arm-cortex/qk/gnu/rel\libqp_cortex-m3_cs.a(qa_sub.o)
                              rel/table.o (QActive_subscribe)
D:\qp\qpc/ports/arm-cortex/qk/gnu/rel\libqp_cortex-m3_cs.a(qf_act.o)
                              rel/bsp.o (QF_getVersion)
D:\qp\qpc/ports/arm-cortex/qk/gnu/rel\libqp_cortex-m3_cs.a(qf_new.o)
                              rel/table.o (QF_new_)
D:\qp\qpc/ports/arm-cortex/qk/gnu/rel\libqp_cortex-m3_cs.a(qf_pool.o)
                              rel/main.o (QF_poolInit)
D:\qp\qpc/ports/arm-cortex/qk/gnu/rel\libqp_cortex-m3_cs.a(qf_psini.o)
                              rel/main.o (QF_psInit)
D:\qp\qpc/ports/arm-cortex/qk/gnu/rel\libqp_cortex-m3_cs.a(qf_pspub.o)
                              rel/table.o (QF_publish)
D:\qp\qpc/ports/arm-cortex/qk/gnu/rel\libqp_cortex-m3_cs.a(qf_pwr2.o)
                              D:\qp\qpc/ports/arm-cortex/qk/gnu/rel\libqp_cortex-m3_cs.a(qa_fifo.o) (QF_div8Lkup)
D:\qp\qpc/ports/arm-cortex/qk/gnu/rel\libqp_cortex-m3_cs.a(qf_tick.o)
                              rel/bsp.o (QF_tick)
D:\qp\qpc/ports/arm-cortex/qk/gnu/rel\libqp_cortex-m3_cs.a(qmp_get.o)
                              D:\qp\qpc/ports/arm-cortex/qk/gnu/rel\libqp_cortex-m3_cs.a(qf_new.o) (QMPool_get)
D:\qp\qpc/ports/arm-cortex/qk/gnu/rel\libqp_cortex-m3_cs.a(qmp_init.o)
                              D:\qp\qpc/ports/arm-cortex/qk/gnu/rel\libqp_cortex-m3_cs.a(qf_pool.o) (QMPool_init)
D:\qp\qpc/ports/arm-cortex/qk/gnu/rel\libqp_cortex-m3_cs.a(qte_ctor.o)
                              rel/philo.o (QTimeEvt_ctor)
D:\qp\qpc/ports/arm-cortex/qk/gnu/rel\libqp_cortex-m3_cs.a(qte_arm.o)
                              rel/philo.o (QTimeEvt_arm_)
D:\qp\qpc/ports/arm-cortex/qk/gnu/rel\libqp_cortex-m3_cs.a(qk.o)
                              rel/main.o (QF_init)
D:\qp\qpc/ports/arm-cortex/qk/gnu/rel\libqp_cortex-m3_cs.a(qk_sched.o)
                              D:\qp\qpc/ports/arm-cortex/qk/gnu/rel\libqp_cortex-m3_cs.a(qa_fifo.o) (QK_schedPrio_)
D:\qp\qpc/ports/arm-cortex/qk/gnu/rel\libqp_cortex-m3_cs.a(qk_mutex.o)
                              D:\qp\qpc/ports/arm-cortex/qk/gnu/rel\libqp_cortex-m3_cs.a(qk_sched.o) (QK_ceilingPrio_)
D:\qp\qpc/ports/arm-cortex/qk/gnu/rel\libqp_cortex-m3_cs.a(qhsm_ini.o)
                              D:\qp\qpc/ports/arm-cortex/qk/gnu/rel\libqp_cortex-m3_cs.a(qk.o) (QHsm_init)
D:\qp\qpc/ports/arm-cortex/qk/gnu/rel\libqp_cortex-m3_cs.a(qhsm_dis.o)
                              D:\qp\qpc/ports/arm-cortex/qk/gnu/rel\libqp_cortex-m3_cs.a(qk_sched.o) (QHsm_dispatch)
D:\qp\qpc/ports/arm-cortex/qk/gnu/rel\libqp_cortex-m3_cs.a(qa_get_.o)
                              D:\qp\qpc/ports/arm-cortex/qk/gnu/rel\libqp_cortex-m3_cs.a(qk_sched.o) (QActive_get_)
D:\qp\qpc/ports/arm-cortex/qk/gnu/rel\libqp_cortex-m3_cs.a(qeq_init.o)
                              D:\qp\qpc/ports/arm-cortex/qk/gnu/rel\libqp_cortex-m3_cs.a(qk.o) (QEQueue_init)
D:\qp\qpc/ports/arm-cortex/qk/gnu/rel\libqp_cortex-m3_cs.a(qf_gc.o)
                              D:\qp\qpc/ports/arm-cortex/qk/gnu/rel\libqp_cortex-m3_cs.a(qf_pspub.o) (QF_gc)
D:\qp\qpc/ports/arm-cortex/qk/gnu/rel\libqp_cortex-m3_cs.a(qf_log2.o)
                              D:\qp\qpc/ports/arm-cortex/qk/gnu/rel\libqp_cortex-m3_cs.a(qf_pspub.o) (QF_log2Lkup)
D:\qp\qpc/ports/arm-cortex/qk/gnu/rel\libqp_cortex-m3_cs.a(qmp_put.o)
                              D:\qp\qpc/ports/arm-cortex/qk/gnu/rel\libqp_cortex-m3_cs.a(qf_gc.o) (QMPool_put)
D:\qp\qpc/ports/arm-cortex/qk/gnu/rel\libqp_cortex-m3_cs.a(qk_port.o)
                              D:\qp\qpc/ports/arm-cortex/qk/gnu/rel\libqp_cortex-m3_cs.a(qk.o) (QK_init)
D:\qp\qpc/ports/arm-cortex/qk/gnu/rel\libqp_cortex-m3_cs.a(qep.o)
                              D:\qp\qpc/ports/arm-cortex/qk/gnu/rel\libqp_cortex-m3_cs.a(qhsm_ini.o) (QEP_reservedEvt_)
c:/tools/codesourcery/bin/../lib/gcc/arm-none-eabi/4.6.1/../../../../arm-none-eabi/lib/thumb2\libc.a(lib_a-init.o)
                              rel/startup_stm32f10x_cl.o (__libc_init_array)

Discarded input sections

 .ARM.attributes
                0x00000000       0x2b c:/tools/codesourcery/bin/../lib/gcc/arm-none-eabi/4.6.1/../../../../arm-none-eabi/lib/thumb2\libc.a(lib_a-init.o)
 .debug_frame   0x00000000       0x2c c:/tools/codesourcery/bin/../lib/gcc/arm-none-eabi/4.6.1/../../../../arm-none-eabi/lib/thumb2\libc.a(lib_a-init.o)

Memory Configuration

Name             Origin             Length             Attributes
ROM              0x08000000         0x00040000         xr
RAM              0x20000000         0x00010000         xrw
*default*        0x00000000         0xffffffff

Linker script and memory map

LOAD rel/main.o
LOAD rel/table.o
LOAD rel/philo.o
LOAD rel/bsp.o
LOAD rel/no_heap.o
LOAD rel/startup_stm32f10x_cl.o
LOAD rel/system_stm32f10x.o
LOAD rel/stm32_eval.o
LOAD rel/stm3210c_eval_lcd.o
LOAD rel/stm3210c_eval_ioe.o
LOAD rel/misc.o
LOAD rel/stm32f10x_adc.o
LOAD rel/stm32f10x_bkp.o
LOAD rel/stm32f10x_can.o
LOAD rel/stm32f10x_crc.o
LOAD rel/stm32f10x_dac.o
LOAD rel/stm32f10x_dbgmcu.o
LOAD rel/stm32f10x_dma.o
LOAD rel/stm32f10x_exti.o
LOAD rel/stm32f10x_flash.o
LOAD rel/stm32f10x_fsmc.o
LOAD rel/stm32f10x_gpio.o
LOAD rel/stm32f10x_i2c.o
LOAD rel/stm32f10x_iwdg.o
LOAD rel/stm32f10x_pwr.o
LOAD rel/stm32f10x_rcc.o
LOAD rel/stm32f10x_rtc.o
LOAD rel/stm32f10x_sdio.o
LOAD rel/stm32f10x_spi.o
LOAD rel/stm32f10x_tim.o
LOAD rel/stm32f10x_usart.o
LOAD rel/stm32f10x_wwdg.o
LOAD D:\qp\qpc/ports/arm-cortex/qk/gnu/rel\libqp_cortex-m3_cs.a
                0x00000400                STACK_SIZE = 0x400
                0x00000000                HEAP_SIZE = 0x0

.isr_vector     0x08000000      0x154
 *(.isr_vector)
 .isr_vector    0x08000000      0x154 rel/startup_stm32f10x_cl.o
                0x08000000                g_pfnVectors
                0x08000154                . = ALIGN (0x4)

.text           0x08000154     0x7acc
                0x08000154                . = ALIGN (0x4)
 *(.text)
 .text          0x08000154        0x0 rel/main.o
 .text          0x08000154      0x384 rel/table.o
                0x0800049c                Table_ctor
 .text          0x080004d8      0x208 rel/philo.o
                0x080006b0                Philo_ctor
 .text          0x080006e0      0x25c rel/bsp.o
                0x08000708                SysTick_Handler
                0x08000744                EXTI0_IRQHandler
                0x080007a0                BSP_init
                0x0800087c                QF_onStartup
                0x080008e0                QF_onCleanup
                0x080008e2                QK_onIdle
                0x080008f8                Q_onAssert
                0x080008fc                assert_failed
                0x08000902                BSP_displayPhilStat
                0x08000912                BSP_displayPaused
                0x08000914                BSP_random
                0x0800092c                BSP_randomSeed
                0x08000938                BSP_terminate
 .text          0x0800093c       0x34 rel/no_heap.o
                0x0800093c                malloc
                0x08000950                free
                0x0800095c                calloc
 .text          0x08000970       0x80 rel/startup_stm32f10x_cl.o
                0x08000970                EXTI2_IRQHandler
                0x08000970                TIM8_TRG_COM_IRQHandler
                0x08000970                TIM8_CC_IRQHandler
                0x08000970                DebugMon_Handler
                0x08000970                TIM1_CC_IRQHandler
                0x08000970                TIM6_IRQHandler
                0x08000970                PVD_IRQHandler
                0x08000970                SDIO_IRQHandler
                0x08000970                NMI_Handler
                0x08000970                CAN2_RX1_IRQHandler
                0x08000970                EXTI3_IRQHandler
                0x08000970                I2C2_EV_IRQHandler
                0x08000970                UsageFault_Handler
                0x08000970                CAN2_SCE_IRQHandler
                0x08000970                ADC1_2_IRQHandler
                0x08000970                SPI1_IRQHandler
                0x08000970                TAMPER_IRQHandler
                0x08000970                CAN2_RX0_IRQHandler
                0x08000970                TIM8_UP_IRQHandler
                0x08000970                DMA2_Channel2_IRQHandler
                0x08000970                DMA1_Channel4_IRQHandler
                0x08000970                USBWakeUp_IRQHandler
                0x08000970                USART3_IRQHandler
                0x08000970                RTC_IRQHandler
                0x08000970                DMA1_Channel7_IRQHandler
                0x08000970                I2C1_ER_IRQHandler
                0x08000970                CAN1_RX1_IRQHandler
                0x08000970                UART5_IRQHandler
                0x08000970                ADC3_IRQHandler
                0x08000970                TIM4_IRQHandler
                0x08000970                DMA2_Channel1_IRQHandler
                0x08000970                I2C1_EV_IRQHandler
                0x08000970                DMA1_Channel6_IRQHandler
                0x08000970                UART4_IRQHandler
                0x08000970                TIM3_IRQHandler
                0x08000970                RCC_IRQHandler
                0x08000970                TIM1_TRG_COM_IRQHandler
                0x08000970                DMA1_Channel1_IRQHandler
                0x08000970                EXTI15_10_IRQHandler
                0x08000970                TIM7_IRQHandler
                0x08000970                CAN2_TX_IRQHandler
                0x08000970                TIM5_IRQHandler
                0x08000970                EXTI9_5_IRQHandler
                0x08000970                ETH_WKUP_IRQHandler
                0x08000970                SPI2_IRQHandler
                0x08000970                MemManage_Handler
                0x08000970                DMA2_Channel5_IRQHandler
                0x08000970                DMA1_Channel5_IRQHandler
                0x08000970                EXTI4_IRQHandler
                0x08000970                USB_LP_CAN1_RX0_IRQHandler
                0x08000970                USB_HP_CAN1_TX_IRQHandler
                0x08000970                DMA1_Channel3_IRQHandler
                0x08000970                FSMC_IRQHandler
                0x08000970                ETH_IRQHandler
                0x08000970                TIM1_UP_IRQHandler
                0x08000970                WWDG_IRQHandler
                0x08000970                TIM2_IRQHandler
                0x08000970                TIM1_BRK_IRQHandler
                0x08000970                EXTI1_IRQHandler
                0x08000970                RTCAlarm_IRQHandler
                0x08000970                DMA2_Channel4_5_IRQHandler
                0x08000970                USART2_IRQHandler
                0x08000970                I2C2_ER_IRQHandler
                0x08000970                DMA1_Channel2_IRQHandler
                0x08000970                TIM8_BRK_IRQHandler
                0x08000970                CAN1_SCE_IRQHandler
                0x08000970                FLASH_IRQHandler
                0x08000970                BusFault_Handler
                0x08000970                USART1_IRQHandler
                0x08000970                Spurious_Handler
                0x08000970                OTG_FS_IRQHandler
                0x08000970                SPI3_IRQHandler
                0x08000970                DMA2_Channel3_IRQHandler
                0x0800098c                Reset_Handler
                0x080009ec                _init
 .text          0x080009f0      0x128 rel/system_stm32f10x.o
                0x080009f0                SystemInit
 .text          0x08000b18      0x1b0 rel/stm32_eval.o
                0x08000b18                STM_EVAL_LEDInit
                0x08000b54                STM_EVAL_LEDOn
                0x08000b70                STM_EVAL_LEDOff
                0x08000b8c                STM_EVAL_LEDToggle
                0x08000bac                STM_EVAL_PBInit
                0x08000c38                STM_EVAL_PBGetState
                0x08000c58                STM_EVAL_COMInit
 .text          0x08000cc8      0x904 rel/stm3210c_eval_lcd.o
                0x08000cfc                LCD_SetTextColor
                0x08000d14                LCD_SetBackColor
                0x08000d2c                LCD_nCS_StartByte
                0x08000d50                LCD_WriteRegIndex
                0x08000d90                LCD_ReadReg
                0x08000e58                LCD_WriteRAM_Prepare
                0x08000e6a                LCD_WriteReg
                0x08000eb0                LCD_SetCursor
                0x08000eca                LCD_SetDisplayWindow
                0x08000f1a                LCD_WindowModeDisable
                0x08000f3a                LCD_WriteRAM
                0x08000f6c                LCD_WriteRAMWord
                0x08000f84                LCD_DrawCircle
                0x080010ac                LCD_DrawMonoPict
                0x08001100                LCD_DrawLine
                0x08001158                LCD_DrawRect
                0x0800119a                LCD_DrawChar
                0x080011f8                LCD_DisplayChar
                0x0800121c                LCD_DisplayString
                0x08001240                LCD_ClearLine
                0x0800124c                LCD_Clear
                0x08001276                LCD_PowerOn
                0x080012ee                LCD_DisplayOn
                0x080012f8                LCD_DisplayOff
                0x08001300                LCD_CtrlLinesConfig
                0x0800132c                LCD_CtrlLinesWrite
                0x08001330                LCD_SPIConfig
                0x080013c0                LCD_Setup
                0x080015c6                STM3210C_LCD_Init
 .text          0x080015cc      0xab8 rel/stm3210c_eval_ioe.o
                0x0800162c                I2C_WriteDeviceRegister
                0x08001704                IOE_Reset
                0x08001722                IOE_ClearIOITPending
                0x08001750                IOE_ClearGITPending
                0x0800175e                IOE_WriteIOPin
                0x0800178e                I2C_ReadDeviceRegister
                0x080018bc                IOE_ITOutConfig
                0x080018f6                IOE_IOEdgeConfig
                0x0800193e                IOE_IOAFConfig
                0x08001964                IOE_TempSens_Config
                0x080019a8                IOE_TS_Config
                0x08001a64                IOE_IOITConfig
                0x08001a8a                IOE_GITConfig
                0x08001ab0                IOE_GITCmd
                0x08001ace                IOE_IOPinConfig
                0x08001af4                IOE_FnctCmd
                0x08001b1a                IOE_ReadID
                0x08001b36                IOE_IsOperational
                0x08001b5c                IOE_Config
                0x08001c88                IOE_GetIOITStatus
                0x08001c9c                IOE_GetGITStatus
                0x08001cbe                IOE_TempSens_GetData
                0x08001d14                IOE_JoyStickGetState
                0x08001d58                IOE_ReadIOPin
                0x08001d86                IOE_ITConfig
                0x08001e8c                I2C_ReadDataBuffer
                0x08001fd8                IOE_TS_GetState
 .text          0x08002084       0xc4 rel/misc.o
                0x08002084                NVIC_PriorityGroupConfig
                0x08002098                NVIC_Init
                0x08002100                NVIC_SetVectorTable
                0x08002118                NVIC_SystemLPConfig
                0x08002130                SysTick_CLKSourceConfig
 .text          0x08002148      0x378 rel/stm32f10x_adc.o
                0x08002148                ADC_DeInit
                0x080021a4                ADC_Init
                0x080021f4                ADC_StructInit
                0x08002206                ADC_Cmd
                0x08002218                ADC_DMACmd
                0x0800222a                ADC_ITConfig
                0x0800223c                ADC_ResetCalibration
                0x08002246                ADC_GetResetCalibrationStatus
                0x0800224e                ADC_StartCalibration
                0x08002258                ADC_GetCalibrationStatus
                0x08002260                ADC_SoftwareStartConvCmd
                0x08002272                ADC_GetSoftwareStartConvStatus
                0x0800227a                ADC_DiscModeChannelCountConfig
                0x0800228a                ADC_DiscModeCmd
                0x0800229c                ADC_RegularChannelConfig
                0x0800232e                ADC_ExternalTrigConvCmd
                0x08002340                ADC_GetConversionValue
                0x08002346                ADC_GetDualModeConversionValue
                0x08002350                ADC_AutoInjectedConvCmd
                0x08002362                ADC_InjectedDiscModeCmd
                0x08002374                ADC_ExternalTrigInjectedConvConfig
                0x08002382                ADC_ExternalTrigInjectedConvCmd
                0x08002394                ADC_SoftwareStartInjectedConvCmd
                0x080023a6                ADC_GetSoftwareStartInjectedConvCmdStatus
                0x080023ae                ADC_InjectedChannelConfig
                0x08002412                ADC_InjectedSequencerLengthConfig
                0x08002422                ADC_SetInjectedOffset
                0x08002438                ADC_GetInjectedConversionValue
                0x08002452                ADC_AnalogWatchdogCmd
                0x08002464                ADC_AnalogWatchdogThresholdsConfig
                0x0800246a                ADC_AnalogWatchdogSingleChannelConfig
                0x08002478                ADC_TempSensorVrefintCmd
                0x08002490                ADC_GetFlagStatus
                0x0800249c                ADC_ClearFlag
                0x080024a2                ADC_GetITStatus
                0x080024b8                ADC_ClearITPendingBit
 .text          0x080024c0       0xe8 rel/stm32f10x_bkp.o
                0x080024c0                BKP_DeInit
                0x080024d2                BKP_TamperPinLevelConfig
                0x080024dc                BKP_TamperPinCmd
                0x080024e8                BKP_ITConfig
                0x080024f4                BKP_RTCOutputConfig
                0x08002510                BKP_SetRTCCalibrationValue
                0x0800252c                BKP_WriteBackupRegister
                0x08002548                BKP_ReadBackupRegister
                0x08002568                BKP_GetFlagStatus
                0x08002574                BKP_ClearFlag
                0x08002588                BKP_GetITStatus
                0x08002594                BKP_ClearITPendingBit
 .text          0x080025a8      0x604 rel/stm32f10x_can.o
                0x080025b2                CAN_DeInit
                0x080025e8                CAN_Init
                0x080026c4                CAN_FilterInit
                0x080027b4                CAN_StructInit
                0x080027d4                CAN_SlaveStartBank
                0x08002810                CAN_ITConfig
                0x08002820                CAN_Transmit
                0x080028dc                CAN_TransmitStatus
                0x0800294c                CAN_CancelTransmit
                0x08002974                CAN_FIFORelease
                0x08002980                CAN_MessagePending
                0x08002996                CAN_Receive
                0x08002a1c                CAN_DBGFreeze
                0x08002a2e                CAN_Sleep
                0x08002a4c                CAN_WakeUp
                0x08002a72                CAN_GetFlagStatus
                0x08002a7e                CAN_ClearFlag
                0x08002a88                CAN_GetITStatus
                0x08002b18                CAN_ClearITPendingBit
 .text          0x08002bac       0x58 rel/stm32f10x_crc.o
                0x08002bac                CRC_ResetDR
                0x08002bb8                CRC_CalcCRC
                0x08002bc4                CRC_CalcBlockCRC
                0x08002be0                CRC_GetCRC
                0x08002bec                CRC_SetIDRegister
                0x08002bf8                CRC_GetIDRegister
 .text          0x08002c04      0x170 rel/stm32f10x_dac.o
                0x08002c04                DAC_DeInit
                0x08002c1e                DAC_Init
                0x08002c50                DAC_StructInit
                0x08002c5c                DAC_Cmd
                0x08002c7c                DAC_DMACmd
                0x08002ca0                DAC_SoftwareTriggerCmd
                0x08002cc4                DAC_DualSoftwareTriggerCmd
                0x08002cdc                DAC_WaveGenerationCmd
                0x08002cf8                DAC_SetChannel1Data
                0x08002d18                DAC_SetChannel2Data
                0x08002d38                DAC_SetDualChannelData
                0x08002d50                DAC_GetDataOutputValue
 .text          0x08002d74       0x34 rel/stm32f10x_dbgmcu.o
                0x08002d74                DBGMCU_GetREVID
                0x08002d80                DBGMCU_GetDEVID
                0x08002d90                DBGMCU_Config
 .text          0x08002da8      0x1e0 rel/stm32f10x_dma.o
                0x08002da8                DMA_DeInit
                0x08002ea4                DMA_Init
                0x08002ee6                DMA_StructInit
                0x08002f00                DMA_Cmd
                0x08002f12                DMA_ITConfig
                0x08002f22                DMA_GetCurrDataCounter
                0x08002f28                DMA_GetFlagStatus
                0x08002f44                DMA_ClearFlag
                0x08002f58                DMA_GetITStatus
                0x08002f74                DMA_ClearITPendingBit
 .text          0x08002f88      0x100 rel/stm32f10x_exti.o
                0x08002f88                EXTI_DeInit
                0x08002fa4                EXTI_Init
                0x08003020                EXTI_StructInit
                0x0800302e                EXTI_GenerateSWInterrupt
                0x08003040                EXTI_GetFlagStatus
                0x08003054                EXTI_ClearFlag
                0x08003060                EXTI_GetITStatus
                0x0800307c                EXTI_ClearITPendingBit
 .text          0x08003088      0x4b4 rel/stm32f10x_flash.o
                0x08003088                FLASH_SetLatency
                0x0800309c                FLASH_HalfCycleAccessCmd
                0x080030b4                FLASH_PrefetchBufferCmd
                0x080030cc                FLASH_Unlock
                0x080030e4                FLASH_Lock
                0x080030f4                FLASH_GetUserOptionByte
                0x08003100                FLASH_GetWriteProtectionOptionByte
                0x0800310c                FLASH_GetReadOutProtectionStatus
                0x0800311c                FLASH_GetPrefetchBufferStatus
                0x0800312c                FLASH_ITConfig
                0x08003144                FLASH_GetFlagStatus
                0x08003164                FLASH_ClearFlag
                0x08003170                FLASH_GetStatus
                0x0800319c                FLASH_WaitForLastOperation
                0x080031d4                FLASH_UserOptionByteConfig
                0x0800322c                FLASH_ReadOutProtection
                0x080032c0                FLASH_EnableWriteProtection
                0x08003360                FLASH_ProgramOptionByteData
                0x080033a8                FLASH_ProgramHalfWord
                0x080033e0                FLASH_ProgramWord
                0x08003430                FLASH_EraseOptionBytes
                0x080034b8                FLASH_EraseAllPages
                0x080034f8                FLASH_ErasePage
 .text          0x0800353c      0x488 rel/stm32f10x_fsmc.o
                0x0800353c                FSMC_NORSRAMDeInit
                0x0800356c                FSMC_NANDDeInit
                0x08003594                FSMC_PCCARDDeInit
                0x080035b0                FSMC_NORSRAMInit
                0x08003674                FSMC_NANDInit
                0x080036e4                FSMC_PCCARDInit
                0x08003750                FSMC_NORSRAMStructInit
                0x0800379c                FSMC_NANDStructInit
                0x080037c6                FSMC_PCCARDStructInit
                0x080037f0                FSMC_NORSRAMCmd
                0x08003814                FSMC_NANDCmd
                0x08003848                FSMC_PCCARDCmd
                0x08003868                FSMC_NANDECCCmd
                0x0800389c                FSMC_GetECC
                0x080038b4                FSMC_ITConfig
                0x08003900                FSMC_GetFlagStatus
                0x0800392c                FSMC_ClearFlag
                0x0800395c                FSMC_GetITStatus
                0x08003990                FSMC_ClearITPendingBit
 .text          0x080039c4      0x27c rel/stm32f10x_gpio.o
                0x080039c4                GPIO_DeInit
                0x08003a70                GPIO_AFIODeInit
                0x08003a86                GPIO_Init
                0x08003b24                GPIO_StructInit
                0x08003b34                GPIO_ReadInputDataBit
                0x08003b40                GPIO_ReadInputData
                0x08003b46                GPIO_ReadOutputDataBit
                0x08003b52                GPIO_ReadOutputData
                0x08003b58                GPIO_SetBits
                0x08003b5c                GPIO_ResetBits
                0x08003b60                GPIO_WriteBit
                0x08003b6a                GPIO_Write
                0x08003b6e                GPIO_PinLockConfig
                0x08003b7e                GPIO_EventOutputConfig
                0x08003b9c                GPIO_EventOutputCmd
                0x08003ba8                GPIO_PinRemapConfig
                0x08003c00                GPIO_EXTILineConfig
                0x08003c34                GPIO_ETH_MediaInterfaceConfig
 .text          0x08003c40      0x3a0 rel/stm32f10x_i2c.o
                0x08003c40                I2C_DeInit
                0x08003c74                I2C_Init
                0x08003d50                I2C_StructInit
                0x08003d6c                I2C_Cmd
                0x08003d84                I2C_DMACmd
                0x08003d9c                I2C_DMALastTransferCmd
                0x08003db4                I2C_GenerateSTART
                0x08003dcc                I2C_GenerateSTOP
                0x08003de4                I2C_AcknowledgeConfig
                0x08003dfc                I2C_OwnAddress2Config
                0x08003e14                I2C_DualAddressCmd
                0x08003e2c                I2C_GeneralCallCmd
                0x08003e44                I2C_ITConfig
                0x08003e56                I2C_SendData
                0x08003e5a                I2C_ReceiveData
                0x08003e60                I2C_Send7bitAddress
                0x08003e70                I2C_ReadRegister
                0x08003e88                I2C_SoftwareResetCmd
                0x08003e9e                I2C_SMBusAlertConfig
                0x08003eba                I2C_TransmitPEC
                0x08003ed2                I2C_PECPositionConfig
                0x08003eee                I2C_CalculatePEC
                0x08003f06                I2C_GetPEC
                0x08003f0e                I2C_ARPCmd
                0x08003f26                I2C_StretchClockCmd
                0x08003f3e                I2C_FastModeDutyCycleConfig
                0x08003f5a                I2C_GetLastEvent
                0x08003f6a                I2C_CheckEvent
                0x08003f82                I2C_GetFlagStatus
                0x08003fb6                I2C_ClearFlag
                0x08003fbc                I2C_GetITStatus
                0x08003fd8                I2C_ClearITPendingBit
 .text          0x08003fe0       0x58 rel/stm32f10x_iwdg.o
                0x08003fe0                IWDG_WriteAccessCmd
                0x08003fec                IWDG_SetPrescaler
                0x08003ff8                IWDG_SetReload
                0x08004004                IWDG_ReloadCounter
                0x08004014                IWDG_Enable
                0x08004024                IWDG_GetFlagStatus
 .text          0x08004038       0xc8 rel/stm32f10x_pwr.o
                0x08004038                PWR_DeInit
                0x08004052                PWR_BackupAccessCmd
                0x0800405c                PWR_PVDCmd
                0x08004068                PWR_PVDLevelConfig
                0x0800407c                PWR_WakeUpPinCmd
                0x08004088                PWR_EnterSTOPMode
                0x080040b4                PWR_EnterSTANDBYMode
                0x080040dc                PWR_GetFlagStatus
                0x080040f0                PWR_ClearFlag
 .text          0x08004100      0x438 rel/stm32f10x_rcc.o
                0x08004100                RCC_DeInit
                0x0800414c                RCC_HSEConfig
                0x08004184                RCC_AdjustHSICalibrationValue
                0x08004198                RCC_HSICmd
                0x080041a4                RCC_PLLConfig
                0x080041bc                RCC_PLLCmd
                0x080041c8                RCC_PREDIV1Config
                0x080041e4                RCC_PREDIV2Config
                0x080041f8                RCC_PLL2Config
                0x0800420c                RCC_PLL2Cmd
                0x08004218                RCC_PLL3Config
                0x0800422c                RCC_PLL3Cmd
                0x08004238                RCC_SYSCLKConfig
                0x0800424c                RCC_GetSYSCLKSource
                0x0800425c                RCC_HCLKConfig
                0x08004270                RCC_PCLK1Config
                0x08004284                RCC_PCLK2Config
                0x08004298                RCC_ITConfig
                0x080042b0                RCC_OTGFSCLKConfig
                0x080042bc                RCC_ADCCLKConfig
                0x080042d0                RCC_I2S2CLKConfig
                0x080042dc                RCC_I2S3CLKConfig
                0x080042e8                RCC_LSEConfig
                0x08004308                RCC_LSICmd
                0x08004314                RCC_RTCCLKConfig
                0x08004324                RCC_RTCCLKCmd
                0x08004330                RCC_GetClocksFreq
                0x08004400                RCC_AHBPeriphClockCmd
                0x08004418                RCC_APB2PeriphClockCmd
                0x08004430                RCC_APB1PeriphClockCmd
                0x08004448                RCC_AHBPeriphResetCmd
                0x08004460                RCC_APB2PeriphResetCmd
                0x08004478                RCC_APB1PeriphResetCmd
                0x08004490                RCC_BackupResetCmd
                0x0800449c                RCC_ClockSecuritySystemCmd
                0x080044a8                RCC_MCOConfig
                0x080044b4                RCC_GetFlagStatus
                0x080044dc                RCC_WaitForHSEStartUp
                0x08004508                RCC_ClearFlag
                0x08004518                RCC_GetITStatus
                0x0800452c                RCC_ClearITPendingBit
 .text          0x08004538      0x160 rel/stm32f10x_rtc.o
                0x08004538                RTC_ITConfig
                0x08004550                RTC_EnterConfigMode
                0x08004564                RTC_ExitConfigMode
                0x0800457c                RTC_GetCounter
                0x08004590                RTC_SetCounter
                0x080045ac                RTC_SetPrescaler
                0x080045cc                RTC_SetAlarm
                0x080045e8                RTC_GetDivider
                0x08004600                RTC_WaitForLastTask
                0x08004610                RTC_WaitForSynchro
                0x08004630                RTC_GetFlagStatus
                0x08004644                RTC_ClearFlag
                0x0800465c                RTC_GetITStatus
                0x08004680                RTC_ClearITPendingBit
 .text          0x08004698      0x250 rel/stm32f10x_sdio.o
                0x08004698                SDIO_DeInit
                0x080046bc                SDIO_Init
                0x080046f8                SDIO_StructInit
                0x08004708                SDIO_ClockCmd
                0x08004714                SDIO_SetPowerState
                0x0800472c                SDIO_GetPowerState
                0x0800473c                SDIO_ITConfig
                0x08004754                SDIO_DMACmd
                0x08004760                SDIO_SendCommand
                0x08004794                SDIO_CmdStructInit
                0x080047a2                SDIO_GetCommandResponse
                0x080047b0                SDIO_GetResponse
                0x080047c8                SDIO_DataConfig
                0x080047fc                SDIO_DataStructInit
                0x08004810                SDIO_GetDataCounter
                0x0800481c                SDIO_ReadData
                0x08004828                SDIO_WriteData
                0x08004834                SDIO_GetFIFOCount
                0x08004840                SDIO_StartSDIOReadWait
                0x0800484c                SDIO_StopSDIOReadWait
                0x08004858                SDIO_SetSDIOReadWaitMode
                0x08004864                SDIO_SetSDIOOperation
                0x08004870                SDIO_SendSDIOSuspendCmd
                0x0800487c                SDIO_CommandCompletionCmd
                0x08004888                SDIO_CEATAITCmd
                0x0800489c                SDIO_SendCEATACmd
                0x080048a8                SDIO_GetFlagStatus
                0x080048bc                SDIO_ClearFlag
                0x080048c8                SDIO_GetITStatus
                0x080048dc                SDIO_ClearITPendingBit
 .text          0x080048e8      0x33c rel/stm32f10x_spi.o
                0x080048e8                SPI_I2S_DeInit
                0x0800494c                SPI_Init
                0x0800499c                I2S_Init
                0x08004a9c                SPI_StructInit
                0x08004ab4                I2S_StructInit
                0x08004ac6                SPI_Cmd
                0x08004ade                I2S_Cmd
                0x08004af6                SPI_I2S_ITConfig
                0x08004b16                SPI_I2S_DMACmd
                0x08004b28                SPI_I2S_SendData
                0x08004b2c                SPI_I2S_ReceiveData
                0x08004b32                SPI_NSSInternalSoftwareConfig
                0x08004b50                SPI_SSOutputCmd
                0x08004b68                SPI_DataSizeConfig
                0x08004b84                SPI_TransmitCRC
                0x08004b90                SPI_CalculateCRC
                0x08004ba8                SPI_GetCRC
                0x08004bb8                SPI_GetCRCPolynomial
                0x08004bbe                SPI_BiDirectionalLineConfig
                0x08004bda                SPI_I2S_GetFlagStatus
                0x08004be6                SPI_I2S_ClearFlag
                0x08004bec                SPI_I2S_GetITStatus
                0x08004c14                SPI_I2S_ClearITPendingBit
 .text          0x08004c24      0xb0c rel/stm32f10x_tim.o
                0x08004c9a                TIM_DeInit
                0x08004d64                TIM_TimeBaseInit
                0x08004da8                TIM_OC1Init
                0x08004e3c                TIM_OC2Init
                0x08004ecc                TIM_OC3Init
                0x08004f58                TIM_OC4Init
                0x08004fc0                TIM_BDTRConfig
                0x08004fee                TIM_TimeBaseStructInit
                0x08005000                TIM_OCStructInit
                0x08005014                TIM_ICStructInit
                0x08005024                TIM_BDTRStructInit
                0x08005036                TIM_Cmd
                0x0800504e                TIM_CtrlPWMOutputs
                0x08005068                TIM_ITConfig
                0x0800507a                TIM_GenerateEvent
                0x0800507e                TIM_DMAConfig
                0x08005086                TIM_DMACmd
                0x08005098                TIM_InternalClockConfig
                0x080050a8                TIM_ETRConfig
                0x080050c0                TIM_ETRClockMode2Config
                0x080050d4                TIM_ETRClockMode1Config
                0x080050f0                TIM_PrescalerConfig
                0x080050f6                TIM_CounterModeConfig
                0x0800510a                TIM_SelectInputTrigger
                0x0800511e                TIM_TIxExternalClockConfig
                0x0800514a                TIM_ITRxExternalClockConfig
                0x0800515e                TIM_EncoderInterfaceConfig
                0x0800519c                TIM_ForcedOC1Config
                0x080051b0                TIM_ForcedOC2Config
                0x080051c4                TIM_ForcedOC3Config
                0x080051d8                TIM_ForcedOC4Config
                0x080051ec                TIM_ARRPreloadConfig
                0x08005204                TIM_SelectCOM
                0x0800521c                TIM_SelectCCDMA
                0x08005234                TIM_CCPreloadControl
                0x0800524c                TIM_OC1PreloadConfig
                0x08005260                TIM_OC2PreloadConfig
                0x08005274                TIM_OC3PreloadConfig
                0x08005288                TIM_OC4PreloadConfig
                0x0800529c                TIM_OC1FastConfig
                0x080052b0                TIM_OC2FastConfig
                0x080052c4                TIM_OC3FastConfig
                0x080052d8                TIM_OC4FastConfig
                0x080052ec                TIM_ClearOC1Ref
                0x08005300                TIM_ClearOC2Ref
                0x0800530e                TIM_ClearOC3Ref
                0x08005322                TIM_ClearOC4Ref
                0x08005330                TIM_OC1PolarityConfig
                0x08005344                TIM_OC1NPolarityConfig
                0x08005358                TIM_OC2PolarityConfig
                0x0800536c                TIM_OC2NPolarityConfig
                0x08005380                TIM_OC3PolarityConfig
                0x08005394                TIM_OC3NPolarityConfig
                0x080053a8                TIM_OC4PolarityConfig
                0x080053bc                TIM_CCxCmd
                0x080053dc                TIM_CCxNCmd
                0x080053fc                TIM_SelectOCxM
                0x08005446                TIM_UpdateDisableConfig
                0x0800545e                TIM_UpdateRequestConfig
                0x08005476                TIM_SelectHallSensor
                0x0800548e                TIM_SelectOnePulseMode
                0x080054aa                TIM_SelectOutputTrigger
                0x080054c6                TIM_SelectSlaveMode
                0x080054e2                TIM_SelectMasterSlaveMode
                0x080054fe                TIM_SetCounter
                0x08005502                TIM_SetAutoreload
                0x08005506                TIM_SetCompare1
                0x0800550a                TIM_SetCompare2
                0x0800550e                TIM_SetCompare3
                0x08005512                TIM_SetCompare4
                0x08005518                TIM_SetIC1Prescaler
                0x08005534                TIM_SetIC2Prescaler
                0x08005550                TIM_PWMIConfig
                0x080055be                TIM_SetIC3Prescaler
                0x080055da                TIM_SetIC4Prescaler
                0x080055f6                TIM_ICInit
                0x080056c4                TIM_SetClockDivision
                0x080056da                TIM_GetCapture1
                0x080056e0                TIM_GetCapture2
                0x080056e6                TIM_GetCapture3
                0x080056ec                TIM_GetCapture4
                0x080056f4                TIM_GetCounter
                0x080056fa                TIM_GetPrescaler
                0x08005700                TIM_GetFlagStatus
                0x0800570c                TIM_ClearFlag
                0x08005712                TIM_GetITStatus
                0x08005728                TIM_ClearITPendingBit
 .text          0x08005730      0x384 rel/stm32f10x_usart.o
                0x08005730                USART_DeInit
                0x080057c8                USART_Init
                0x08005864                USART_StructInit
                0x0800587a                USART_ClockInit
                0x080058a2                USART_ClockStructInit
                0x080058ae                USART_Cmd
                0x080058c6                USART_ITConfig
                0x080058f8                USART_DMACmd
                0x0800590a                USART_SetAddress
                0x08005926                USART_WakeUpConfig
                0x08005942                USART_ReceiverWakeUpCmd
                0x0800595a                USART_LINBreakDetectLengthConfig
                0x08005976                USART_LINCmd
                0x0800598e                USART_SendData
                0x08005996                USART_ReceiveData
                0x0800599e                USART_SendBreak
                0x080059aa                USART_SetGuardTime
                0x080059c0                USART_SetPrescaler
                0x080059d8                USART_SmartCardCmd
                0x080059f0                USART_SmartCardNACKCmd
                0x08005a08                USART_HalfDuplexCmd
                0x08005a20                USART_IrDAConfig
                0x08005a3c                USART_IrDACmd
                0x08005a54                USART_GetFlagStatus
                0x08005a60                USART_ClearFlag
                0x08005a66                USART_GetITStatus
                0x08005aa4                USART_ClearITPendingBit
 .text          0x08005ab4       0x9c rel/stm32f10x_wwdg.o
                0x08005ab4                WWDG_DeInit
                0x08005ace                WWDG_SetPrescaler
                0x08005ae4                WWDG_SetWindowValue
                0x08005b0c                WWDG_EnableIT
                0x08005b18                WWDG_SetCounter
                0x08005b28                WWDG_Enable
                0x08005b38                WWDG_GetFlagStatus
                0x08005b44                WWDG_ClearFlag
 .text          0x08005b50        0x4 D:\qp\qpc/ports/arm-cortex/qk/gnu/rel\libqp_cortex-m3_cs.a(qhsm_top.o)
                0x08005b50                QHsm_top
 .text          0x08005b54       0xa0 D:\qp\qpc/ports/arm-cortex/qk/gnu/rel\libqp_cortex-m3_cs.a(qa_fifo.o)
                0x08005b54                QActive_postFIFO
 .text          0x08005bf4       0x64 D:\qp\qpc/ports/arm-cortex/qk/gnu/rel\libqp_cortex-m3_cs.a(qa_sub.o)
                0x08005bf4                QActive_subscribe
 .text          0x08005c58       0x6c D:\qp\qpc/ports/arm-cortex/qk/gnu/rel\libqp_cortex-m3_cs.a(qf_act.o)
                0x08005c58                QF_getVersion
                0x08005c60                QF_add_
                0x08005c90                QF_remove_
 .text          0x08005cc4       0x58 D:\qp\qpc/ports/arm-cortex/qk/gnu/rel\libqp_cortex-m3_cs.a(qf_new.o)
                0x08005cc4                QF_new_
 .text          0x08005d1c       0x60 D:\qp\qpc/ports/arm-cortex/qk/gnu/rel\libqp_cortex-m3_cs.a(qf_pool.o)
                0x08005d1c                QF_poolInit
 .text          0x08005d7c        0xc D:\qp\qpc/ports/arm-cortex/qk/gnu/rel\libqp_cortex-m3_cs.a(qf_psini.o)
                0x08005d7c                QF_psInit
 .text          0x08005d88       0xa0 D:\qp\qpc/ports/arm-cortex/qk/gnu/rel\libqp_cortex-m3_cs.a(qf_pspub.o)
                0x08005d88                QF_publish
 .text          0x08005e28        0x0 D:\qp\qpc/ports/arm-cortex/qk/gnu/rel\libqp_cortex-m3_cs.a(qf_pwr2.o)
 .text          0x08005e28       0x74 D:\qp\qpc/ports/arm-cortex/qk/gnu/rel\libqp_cortex-m3_cs.a(qf_tick.o)
                0x08005e28                QF_tick
 .text          0x08005e9c       0x68 D:\qp\qpc/ports/arm-cortex/qk/gnu/rel\libqp_cortex-m3_cs.a(qmp_get.o)
                0x08005e9c                QMPool_get
                0x08005ed0                QF_getPoolMargin
 .text          0x08005f04       0x88 D:\qp\qpc/ports/arm-cortex/qk/gnu/rel\libqp_cortex-m3_cs.a(qmp_init.o)
                0x08005f04                QMPool_init
 .text          0x08005f8c       0x28 D:\qp\qpc/ports/arm-cortex/qk/gnu/rel\libqp_cortex-m3_cs.a(qte_ctor.o)
                0x08005f8c                QTimeEvt_ctor
 .text          0x08005fb4       0x54 D:\qp\qpc/ports/arm-cortex/qk/gnu/rel\libqp_cortex-m3_cs.a(qte_arm.o)
                0x08005fb4                QTimeEvt_arm_
                0x08005ff4                QF_noTimeEvtsActive
 .text          0x08006008       0x90 D:\qp\qpc/ports/arm-cortex/qk/gnu/rel\libqp_cortex-m3_cs.a(qk.o)
                0x08006008                QK_getVersion
                0x0800600c                QF_init
                0x08006010                QF_stop
                0x08006014                QF_run
                0x08006038                QActive_start
                0x08006094                QActive_stop
 .text          0x08006098       0xb4 D:\qp\qpc/ports/arm-cortex/qk/gnu/rel\libqp_cortex-m3_cs.a(qk_sched.o)
                0x08006098                QK_schedPrio_
                0x080060e0                QK_sched_
 .text          0x0800614c       0x38 D:\qp\qpc/ports/arm-cortex/qk/gnu/rel\libqp_cortex-m3_cs.a(qk_mutex.o)
                0x0800614c                QK_mutexLock
                0x08006164                QK_mutexUnlock
 .text          0x08006184       0xb4 D:\qp\qpc/ports/arm-cortex/qk/gnu/rel\libqp_cortex-m3_cs.a(qhsm_ini.o)
                0x08006184                QHsm_init
 .text          0x08006238      0x1e8 D:\qp\qpc/ports/arm-cortex/qk/gnu/rel\libqp_cortex-m3_cs.a(qhsm_dis.o)
                0x08006238                QHsm_dispatch
 .text          0x08006420       0xa8 D:\qp\qpc/ports/arm-cortex/qk/gnu/rel\libqp_cortex-m3_cs.a(qa_get_.o)
                0x08006420                QActive_get_
                0x0800649c                QF_getQueueMargin
 .text          0x080064c8       0x12 D:\qp\qpc/ports/arm-cortex/qk/gnu/rel\libqp_cortex-m3_cs.a(qeq_init.o)
                0x080064c8                QEQueue_init
 *fill*         0x080064da        0x2 00
 .text          0x080064dc       0x50 D:\qp\qpc/ports/arm-cortex/qk/gnu/rel\libqp_cortex-m3_cs.a(qf_gc.o)
                0x080064dc                QF_gc
 .text          0x0800652c        0x0 D:\qp\qpc/ports/arm-cortex/qk/gnu/rel\libqp_cortex-m3_cs.a(qf_log2.o)
 .text          0x0800652c       0x40 D:\qp\qpc/ports/arm-cortex/qk/gnu/rel\libqp_cortex-m3_cs.a(qmp_put.o)
                0x0800652c                QMPool_put
 .text          0x0800656c        0x0 D:\qp\qpc/ports/arm-cortex/qk/gnu/rel\libqp_cortex-m3_cs.a(qk_port.o)
 .text          0x0800656c        0x8 D:\qp\qpc/ports/arm-cortex/qk/gnu/rel\libqp_cortex-m3_cs.a(qep.o)
                0x0800656c                QEP_getVersion
 .text          0x08006574       0x48 c:/tools/codesourcery/bin/../lib/gcc/arm-none-eabi/4.6.1/../../../../arm-none-eabi/lib/thumb2\libc.a(lib_a-init.o)
                0x08006574                __libc_init_array
 *(.text*)
 .text.startup  0x080065bc       0x80 rel/main.o
                0x080065bc                main
 .text.QK_init  0x0800663c       0x24 D:\qp\qpc/ports/arm-cortex/qk/gnu/rel\libqp_cortex-m3_cs.a(qk_port.o)
                0x0800663c                QK_init
 .text.PendSV_Handler
                0x08006660       0x34 D:\qp\qpc/ports/arm-cortex/qk/gnu/rel\libqp_cortex-m3_cs.a(qk_port.o)
                0x08006660                PendSV_Handler
 .text.SVC_Handler
                0x08006694        0x4 D:\qp\qpc/ports/arm-cortex/qk/gnu/rel\libqp_cortex-m3_cs.a(qk_port.o)
                0x08006694                SVC_Handler
 *(.rodata)
 .rodata        0x08006698        0xc rel/table.o
                0x080066a0                AO_Table
 .rodata        0x080066a4       0x1c rel/philo.o
                0x080066ac                AO_Philo
 .rodata        0x080066c0        0xa rel/no_heap.o
 *fill*         0x080066ca        0x2 00
 .rodata        0x080066cc       0x14 rel/system_stm32f10x.o
                0x080066cc                SystemFrequency_APB2Clk
                0x080066d0                SystemFrequency_APB1Clk
                0x080066d4                SystemFrequency_AHBClk
                0x080066d8                SystemFrequency_SysClk
                0x080066dc                SystemFrequency
 .rodata        0x080066e0       0x50 rel/stm32_eval.o
                0x080066e0                GPIO_CLK
                0x080066f0                GPIO_PIN
                0x080066f8                BUTTON_CLK
                0x08006704                BUTTON_PIN
                0x0800670a                BUTTON_PORT_SOURCE
                0x08006710                BUTTON_PIN_SOURCE
                0x08006716                BUTTON_EXTI_LINE
                0x0800671c                BUTTON_IRQn
                0x08006722                COM_RX_PIN
                0x08006724                COM_TX_PIN
                0x08006728                COM_POR_CLK
                0x0800672c                COM_USART_CLK
 .rodata        0x08006730     0x11d0 rel/stm3210c_eval_lcd.o
                0x08006730                ASCII_Table
 .rodata        0x08007900        0x8 rel/stm32f10x_can.o
 .rodata        0x08007908        0x8 D:\qp\qpc/ports/arm-cortex/qk/gnu/rel\libqp_cortex-m3_cs.a(qa_fifo.o)
 .rodata        0x08007910        0x7 D:\qp\qpc/ports/arm-cortex/qk/gnu/rel\libqp_cortex-m3_cs.a(qa_sub.o)
 .rodata        0x08007917        0xe D:\qp\qpc/ports/arm-cortex/qk/gnu/rel\libqp_cortex-m3_cs.a(qf_act.o)
 .rodata        0x08007925        0x7 D:\qp\qpc/ports/arm-cortex/qk/gnu/rel\libqp_cortex-m3_cs.a(qf_new.o)
 .rodata        0x0800792c        0x8 D:\qp\qpc/ports/arm-cortex/qk/gnu/rel\libqp_cortex-m3_cs.a(qf_pool.o)
 .rodata        0x08007934        0x9 D:\qp\qpc/ports/arm-cortex/qk/gnu/rel\libqp_cortex-m3_cs.a(qf_pspub.o)
 .rodata        0x0800793d       0xc3 D:\qp\qpc/ports/arm-cortex/qk/gnu/rel\libqp_cortex-m3_cs.a(qf_pwr2.o)
                0x0800793d                QF_div8Lkup
                0x0800797e                QF_invPwr2Lkup
                0x080079bf                QF_pwr2Lkup
 .rodata        0x08007a00        0x8 D:\qp\qpc/ports/arm-cortex/qk/gnu/rel\libqp_cortex-m3_cs.a(qf_tick.o)
 .rodata        0x08007a08        0x8 D:\qp\qpc/ports/arm-cortex/qk/gnu/rel\libqp_cortex-m3_cs.a(qmp_get.o)
 .rodata        0x08007a10        0x9 D:\qp\qpc/ports/arm-cortex/qk/gnu/rel\libqp_cortex-m3_cs.a(qmp_init.o)
 .rodata        0x08007a19        0x9 D:\qp\qpc/ports/arm-cortex/qk/gnu/rel\libqp_cortex-m3_cs.a(qte_ctor.o)
 .rodata        0x08007a22        0x8 D:\qp\qpc/ports/arm-cortex/qk/gnu/rel\libqp_cortex-m3_cs.a(qte_arm.o)
 .rodata        0x08007a2a        0x3 D:\qp\qpc/ports/arm-cortex/qk/gnu/rel\libqp_cortex-m3_cs.a(qk.o)
 .rodata        0x08007a2d        0x9 D:\qp\qpc/ports/arm-cortex/qk/gnu/rel\libqp_cortex-m3_cs.a(qhsm_ini.o)
 .rodata        0x08007a36        0x9 D:\qp\qpc/ports/arm-cortex/qk/gnu/rel\libqp_cortex-m3_cs.a(qhsm_dis.o)
 .rodata        0x08007a3f        0x8 D:\qp\qpc/ports/arm-cortex/qk/gnu/rel\libqp_cortex-m3_cs.a(qa_get_.o)
 .rodata        0x08007a47        0x6 D:\qp\qpc/ports/arm-cortex/qk/gnu/rel\libqp_cortex-m3_cs.a(qf_gc.o)
 .rodata        0x08007a4d      0x100 D:\qp\qpc/ports/arm-cortex/qk/gnu/rel\libqp_cortex-m3_cs.a(qf_log2.o)
                0x08007a4d                QF_log2Lkup
 .rodata        0x08007b4d        0x8 D:\qp\qpc/ports/arm-cortex/qk/gnu/rel\libqp_cortex-m3_cs.a(qmp_put.o)
 *fill*         0x08007b55        0x1 00
 .rodata        0x08007b56       0x18 D:\qp\qpc/ports/arm-cortex/qk/gnu/rel\libqp_cortex-m3_cs.a(qep.o)
                0x08007b5e                QEP_reservedEvt_
 *(.rodata*)
 .rodata.str1.1
                0x08007b6e       0x1b rel/table.o
 .rodata.str1.1
                0x08007b89       0x6b rel/bsp.o
 .rodata.str1.1
                0x08007bf4       0x15 rel/startup_stm32f10x_cl.o
 .rodata.str1.1
                0x08007c09       0x15 rel/stm3210c_eval_lcd.o
 *(.init)
 *(.fini)
                0x08007c20                . = ALIGN (0x4)
 *fill*         0x08007c1e        0x2 00
                0x08007c20                _etext = .

.glue_7         0x08007c20        0x0
 .glue_7        0x00000000        0x0 linker stubs

.glue_7t        0x08007c20        0x0
 .glue_7t       0x00000000        0x0 linker stubs

.vfp11_veneer   0x08007c20        0x0
 .vfp11_veneer  0x00000000        0x0 linker stubs

.v4_bx          0x08007c20        0x0
 .v4_bx         0x00000000        0x0 linker stubs

.iplt           0x08007c20        0x0
 .iplt          0x00000000        0x0 rel/main.o

.rel.dyn        0x08007c20        0x0
 .rel.iplt      0x00000000        0x0 rel/main.o

.preinit_array  0x08007c20        0x0
                0x08007c20                PROVIDE (__preinit_array_start, .)
 *(.preinit_array*)
                0x08007c20                PROVIDE (__preinit_array_end, .)

.init_array     0x08007c20        0x0
                0x08007c20                PROVIDE (__init_array_start, .)
 *(SORT(.init_array.*))
 *(.init_array*)
                0x08007c20                PROVIDE (__init_array_end, .)

.fini_array     0x08007c20        0x0
                0x08007c20                PROVIDE (__fini_array_start, .)
 *(.fini_array*)
 *(SORT(.fini_array.*))
                0x08007c20                PROVIDE (__fini_array_end, .)

.data           0x20000000       0x44 load address 0x08007c20
                0x08007c20                __data_load = LOADADDR (.data)
                0x20000000                __data_start = .
 *(.data)
 .data          0x20000000        0x0 rel/main.o
 .data          0x20000000        0x0 rel/table.o
 .data          0x20000000        0x0 rel/philo.o
 .data          0x20000000        0x0 rel/bsp.o
 .data          0x20000000        0x0 rel/no_heap.o
 .data          0x20000000        0x0 rel/startup_stm32f10x_cl.o
 .data          0x20000000        0x0 rel/system_stm32f10x.o
 .data          0x20000000       0x24 rel/stm32_eval.o
                0x20000000                GPIO_PORT
                0x20000010                BUTTON_PORT
                0x2000001c                COM_PORT
                0x20000020                COM_USART
 .data          0x20000024        0x2 rel/stm3210c_eval_lcd.o
 *fill*         0x20000026        0x2 00
 .data          0x20000028        0x4 rel/stm3210c_eval_ioe.o
                0x20000028                TimeOut
 .data          0x2000002c        0x0 rel/misc.o
 .data          0x2000002c        0x0 rel/stm32f10x_adc.o
 .data          0x2000002c        0x0 rel/stm32f10x_bkp.o
 .data          0x2000002c        0x0 rel/stm32f10x_can.o
 .data          0x2000002c        0x0 rel/stm32f10x_crc.o
 .data          0x2000002c        0x0 rel/stm32f10x_dac.o
 .data          0x2000002c        0x0 rel/stm32f10x_dbgmcu.o
 .data          0x2000002c        0x0 rel/stm32f10x_dma.o
 .data          0x2000002c        0x0 rel/stm32f10x_exti.o
 .data          0x2000002c        0x0 rel/stm32f10x_flash.o
 .data          0x2000002c        0x0 rel/stm32f10x_fsmc.o
 .data          0x2000002c        0x0 rel/stm32f10x_gpio.o
 .data          0x2000002c        0x0 rel/stm32f10x_i2c.o
 .data          0x2000002c        0x0 rel/stm32f10x_iwdg.o
 .data          0x2000002c        0x0 rel/stm32f10x_pwr.o
 .data          0x2000002c       0x14 rel/stm32f10x_rcc.o
 .data          0x20000040        0x0 rel/stm32f10x_rtc.o
 .data          0x20000040        0x0 rel/stm32f10x_sdio.o
 .data          0x20000040        0x0 rel/stm32f10x_spi.o
 .data          0x20000040        0x0 rel/stm32f10x_tim.o
 .data          0x20000040        0x0 rel/stm32f10x_usart.o
 .data          0x20000040        0x0 rel/stm32f10x_wwdg.o
 .data          0x20000040        0x0 D:\qp\qpc/ports/arm-cortex/qk/gnu/rel\libqp_cortex-m3_cs.a(qhsm_top.o)
 .data          0x20000040        0x0 D:\qp\qpc/ports/arm-cortex/qk/gnu/rel\libqp_cortex-m3_cs.a(qa_fifo.o)
 .data          0x20000040        0x0 D:\qp\qpc/ports/arm-cortex/qk/gnu/rel\libqp_cortex-m3_cs.a(qa_sub.o)
 .data          0x20000040        0x0 D:\qp\qpc/ports/arm-cortex/qk/gnu/rel\libqp_cortex-m3_cs.a(qf_act.o)
 .data          0x20000040        0x0 D:\qp\qpc/ports/arm-cortex/qk/gnu/rel\libqp_cortex-m3_cs.a(qf_new.o)
 .data          0x20000040        0x0 D:\qp\qpc/ports/arm-cortex/qk/gnu/rel\libqp_cortex-m3_cs.a(qf_pool.o)
 .data          0x20000040        0x0 D:\qp\qpc/ports/arm-cortex/qk/gnu/rel\libqp_cortex-m3_cs.a(qf_psini.o)
 .data          0x20000040        0x0 D:\qp\qpc/ports/arm-cortex/qk/gnu/rel\libqp_cortex-m3_cs.a(qf_pspub.o)
 .data          0x20000040        0x0 D:\qp\qpc/ports/arm-cortex/qk/gnu/rel\libqp_cortex-m3_cs.a(qf_pwr2.o)
 .data          0x20000040        0x0 D:\qp\qpc/ports/arm-cortex/qk/gnu/rel\libqp_cortex-m3_cs.a(qf_tick.o)
 .data          0x20000040        0x0 D:\qp\qpc/ports/arm-cortex/qk/gnu/rel\libqp_cortex-m3_cs.a(qmp_get.o)
 .data          0x20000040        0x0 D:\qp\qpc/ports/arm-cortex/qk/gnu/rel\libqp_cortex-m3_cs.a(qmp_init.o)
 .data          0x20000040        0x0 D:\qp\qpc/ports/arm-cortex/qk/gnu/rel\libqp_cortex-m3_cs.a(qte_ctor.o)
 .data          0x20000040        0x0 D:\qp\qpc/ports/arm-cortex/qk/gnu/rel\libqp_cortex-m3_cs.a(qte_arm.o)
 .data          0x20000040        0x1 D:\qp\qpc/ports/arm-cortex/qk/gnu/rel\libqp_cortex-m3_cs.a(qk.o)
                0x20000040                QK_currPrio_
 .data          0x20000041        0x0 D:\qp\qpc/ports/arm-cortex/qk/gnu/rel\libqp_cortex-m3_cs.a(qk_sched.o)
 .data          0x20000041        0x0 D:\qp\qpc/ports/arm-cortex/qk/gnu/rel\libqp_cortex-m3_cs.a(qk_mutex.o)
 .data          0x20000041        0x0 D:\qp\qpc/ports/arm-cortex/qk/gnu/rel\libqp_cortex-m3_cs.a(qhsm_ini.o)
 .data          0x20000041        0x0 D:\qp\qpc/ports/arm-cortex/qk/gnu/rel\libqp_cortex-m3_cs.a(qhsm_dis.o)
 .data          0x20000041        0x0 D:\qp\qpc/ports/arm-cortex/qk/gnu/rel\libqp_cortex-m3_cs.a(qa_get_.o)
 .data          0x20000041        0x0 D:\qp\qpc/ports/arm-cortex/qk/gnu/rel\libqp_cortex-m3_cs.a(qeq_init.o)
 .data          0x20000041        0x0 D:\qp\qpc/ports/arm-cortex/qk/gnu/rel\libqp_cortex-m3_cs.a(qf_gc.o)
 .data          0x20000041        0x0 D:\qp\qpc/ports/arm-cortex/qk/gnu/rel\libqp_cortex-m3_cs.a(qf_log2.o)
 .data          0x20000041        0x0 D:\qp\qpc/ports/arm-cortex/qk/gnu/rel\libqp_cortex-m3_cs.a(qmp_put.o)
 .data          0x20000041        0x0 D:\qp\qpc/ports/arm-cortex/qk/gnu/rel\libqp_cortex-m3_cs.a(qk_port.o)
 .data          0x20000041        0x0 D:\qp\qpc/ports/arm-cortex/qk/gnu/rel\libqp_cortex-m3_cs.a(qep.o)
 .data          0x20000041        0x0 c:/tools/codesourcery/bin/../lib/gcc/arm-none-eabi/4.6.1/../../../../arm-none-eabi/lib/thumb2\libc.a(lib_a-init.o)
 *(.data*)
                0x20000044                . = ALIGN (0x4)
 *fill*         0x20000041        0x3 00
                0x20000044                __data_end__ = .
                0x20000044                _edata = __data_end__

.igot.plt       0x20000044        0x0 load address 0x08007c64
 .igot.plt      0x00000000        0x0 rel/main.o

.bss            0x20000044      0x328 load address 0x08007c64
                0x20000044                __bss_start__ = .
 *(.bss)
 .bss           0x20000044       0xe8 rel/main.o
 .bss           0x2000012c       0x28 rel/table.o
 .bss           0x20000154       0xe0 rel/philo.o
 .bss           0x20000234        0x4 rel/bsp.o
 .bss           0x20000238        0x0 rel/no_heap.o
 .bss           0x20000238        0x0 rel/startup_stm32f10x_cl.o
 .bss           0x20000238        0x0 rel/system_stm32f10x.o
 .bss           0x20000238        0x0 rel/stm32_eval.o
 .bss           0x20000238        0x2 rel/stm3210c_eval_lcd.o
 *fill*         0x2000023a        0x2 00
 .bss           0x2000023c       0x14 rel/stm3210c_eval_ioe.o
                0x2000023c                TS_State
 .bss           0x20000250        0x0 rel/misc.o
 .bss           0x20000250        0x0 rel/stm32f10x_adc.o
 .bss           0x20000250        0x0 rel/stm32f10x_bkp.o
 .bss           0x20000250        0x0 rel/stm32f10x_can.o
 .bss           0x20000250        0x0 rel/stm32f10x_crc.o
 .bss           0x20000250        0x0 rel/stm32f10x_dac.o
 .bss           0x20000250        0x0 rel/stm32f10x_dbgmcu.o
 .bss           0x20000250        0x0 rel/stm32f10x_dma.o
 .bss           0x20000250        0x0 rel/stm32f10x_exti.o
 .bss           0x20000250        0x0 rel/stm32f10x_flash.o
 .bss           0x20000250        0x0 rel/stm32f10x_fsmc.o
 .bss           0x20000250        0x0 rel/stm32f10x_gpio.o
 .bss           0x20000250        0x0 rel/stm32f10x_i2c.o
 .bss           0x20000250        0x0 rel/stm32f10x_iwdg.o
 .bss           0x20000250        0x0 rel/stm32f10x_pwr.o
 .bss           0x20000250        0x0 rel/stm32f10x_rcc.o
 .bss           0x20000250        0x0 rel/stm32f10x_rtc.o
 .bss           0x20000250        0x0 rel/stm32f10x_sdio.o
 .bss           0x20000250        0x0 rel/stm32f10x_spi.o
 .bss           0x20000250        0x0 rel/stm32f10x_tim.o
 .bss           0x20000250        0x0 rel/stm32f10x_usart.o
 .bss           0x20000250        0x0 rel/stm32f10x_wwdg.o
 .bss           0x20000250        0x0 D:\qp\qpc/ports/arm-cortex/qk/gnu/rel\libqp_cortex-m3_cs.a(qhsm_top.o)
 .bss           0x20000250        0x0 D:\qp\qpc/ports/arm-cortex/qk/gnu/rel\libqp_cortex-m3_cs.a(qa_fifo.o)
 .bss           0x20000250        0x0 D:\qp\qpc/ports/arm-cortex/qk/gnu/rel\libqp_cortex-m3_cs.a(qa_sub.o)
 .bss           0x20000250       0x88 D:\qp\qpc/ports/arm-cortex/qk/gnu/rel\libqp_cortex-m3_cs.a(qf_act.o)
                0x20000250                QF_active_
                0x200002d4                QF_intLockNest_
 .bss           0x200002d8        0x0 D:\qp\qpc/ports/arm-cortex/qk/gnu/rel\libqp_cortex-m3_cs.a(qf_new.o)
 .bss           0x200002d8       0x7c D:\qp\qpc/ports/arm-cortex/qk/gnu/rel\libqp_cortex-m3_cs.a(qf_pool.o)
                0x200002d8                QF_maxPool_
                0x200002dc                QF_pool_
 .bss           0x20000354        0x8 D:\qp\qpc/ports/arm-cortex/qk/gnu/rel\libqp_cortex-m3_cs.a(qf_psini.o)
                0x20000354                QF_subscrList_
                0x20000358                QF_maxSignal_
 .bss           0x2000035c        0x0 D:\qp\qpc/ports/arm-cortex/qk/gnu/rel\libqp_cortex-m3_cs.a(qf_pspub.o)
 .bss           0x2000035c        0x0 D:\qp\qpc/ports/arm-cortex/qk/gnu/rel\libqp_cortex-m3_cs.a(qf_pwr2.o)
 .bss           0x2000035c        0x0 D:\qp\qpc/ports/arm-cortex/qk/gnu/rel\libqp_cortex-m3_cs.a(qf_tick.o)
 .bss           0x2000035c        0x0 D:\qp\qpc/ports/arm-cortex/qk/gnu/rel\libqp_cortex-m3_cs.a(qmp_get.o)
 .bss           0x2000035c        0x0 D:\qp\qpc/ports/arm-cortex/qk/gnu/rel\libqp_cortex-m3_cs.a(qmp_init.o)
 .bss           0x2000035c        0x0 D:\qp\qpc/ports/arm-cortex/qk/gnu/rel\libqp_cortex-m3_cs.a(qte_ctor.o)
 .bss           0x2000035c        0x4 D:\qp\qpc/ports/arm-cortex/qk/gnu/rel\libqp_cortex-m3_cs.a(qte_arm.o)
                0x2000035c                QF_timeEvtListHead_
 .bss           0x20000360        0xa D:\qp\qpc/ports/arm-cortex/qk/gnu/rel\libqp_cortex-m3_cs.a(qk.o)
                0x20000360                QK_intNest_
                0x20000361                QK_readySet_
 .bss           0x2000036a        0x0 D:\qp\qpc/ports/arm-cortex/qk/gnu/rel\libqp_cortex-m3_cs.a(qk_sched.o)
 .bss           0x2000036a        0x1 D:\qp\qpc/ports/arm-cortex/qk/gnu/rel\libqp_cortex-m3_cs.a(qk_mutex.o)
                0x2000036a                QK_ceilingPrio_
 .bss           0x2000036b        0x0 D:\qp\qpc/ports/arm-cortex/qk/gnu/rel\libqp_cortex-m3_cs.a(qhsm_ini.o)
 .bss           0x2000036b        0x0 D:\qp\qpc/ports/arm-cortex/qk/gnu/rel\libqp_cortex-m3_cs.a(qhsm_dis.o)
 .bss           0x2000036b        0x0 D:\qp\qpc/ports/arm-cortex/qk/gnu/rel\libqp_cortex-m3_cs.a(qa_get_.o)
 .bss           0x2000036b        0x0 D:\qp\qpc/ports/arm-cortex/qk/gnu/rel\libqp_cortex-m3_cs.a(qeq_init.o)
 .bss           0x2000036b        0x0 D:\qp\qpc/ports/arm-cortex/qk/gnu/rel\libqp_cortex-m3_cs.a(qf_gc.o)
 .bss           0x2000036b        0x0 D:\qp\qpc/ports/arm-cortex/qk/gnu/rel\libqp_cortex-m3_cs.a(qf_log2.o)
 .bss           0x2000036b        0x0 D:\qp\qpc/ports/arm-cortex/qk/gnu/rel\libqp_cortex-m3_cs.a(qmp_put.o)
 .bss           0x2000036b        0x0 D:\qp\qpc/ports/arm-cortex/qk/gnu/rel\libqp_cortex-m3_cs.a(qk_port.o)
 .bss           0x2000036b        0x0 D:\qp\qpc/ports/arm-cortex/qk/gnu/rel\libqp_cortex-m3_cs.a(qep.o)
 .bss           0x2000036b        0x0 c:/tools/codesourcery/bin/../lib/gcc/arm-none-eabi/4.6.1/../../../../arm-none-eabi/lib/thumb2\libc.a(lib_a-init.o)
 *(.bss*)
 *(COMMON)
                0x2000036c                . = ALIGN (0x4)
 *fill*         0x2000036b        0x1 00
                0x2000036c                _ebss = .
                0x2000036c                __bss_end__ = .
                0x2000036c                PROVIDE (end, _ebss)
                0x2000036c                PROVIDE (_end, _ebss)
                0x2000036c                PROVIDE (__end__, _ebss)

.heap           0x2000036c        0x0 load address 0x08007c64
                0x2000036c                __heap_start__ = .
                0x2000036c                . = (. + HEAP_SIZE)
                0x2000036c                . = ALIGN (0x4)
                0x2000036c                __heap_end__ = .

.stack          0x2000036c      0x400 load address 0x08007c64
                0x2000036c                __stack_start__ = .
                0x2000076c                . = (. + STACK_SIZE)
 *fill*         0x2000036c      0x400 00
                0x2000076c                . = ALIGN (0x4)
                0x2000076c                __c_stack_top__ = .
                0x2000076c                __stack_end__ = .

/DISCARD/
 libc.a(*)
 libm.a(*)
 libgcc.a(*)
OUTPUT(rel/dpp-qk.elf elf32-littlearm)

.comment        0x00000000       0x2b
 .comment       0x00000000       0x2b rel/main.o
                                 0x2c (size before relaxing)
 .comment       0x00000000       0x2c rel/table.o
 .comment       0x00000000       0x2c rel/philo.o
 .comment       0x00000000       0x2c rel/bsp.o
 .comment       0x00000000       0x2c rel/no_heap.o
 .comment       0x00000000       0x2c rel/startup_stm32f10x_cl.o
 .comment       0x00000000       0x2c rel/system_stm32f10x.o
 .comment       0x00000000       0x2c rel/stm32_eval.o
 .comment       0x00000000       0x2c rel/stm3210c_eval_lcd.o
 .comment       0x00000000       0x2c rel/stm3210c_eval_ioe.o
 .comment       0x00000000       0x2c rel/misc.o
 .comment       0x00000000       0x2c rel/stm32f10x_adc.o
 .comment       0x00000000       0x2c rel/stm32f10x_bkp.o
 .comment       0x00000000       0x2c rel/stm32f10x_can.o
 .comment       0x00000000       0x2c rel/stm32f10x_crc.o
 .comment       0x00000000       0x2c rel/stm32f10x_dac.o
 .comment       0x00000000       0x2c rel/stm32f10x_dbgmcu.o
 .comment       0x00000000       0x2c rel/stm32f10x_dma.o
 .comment       0x00000000       0x2c rel/stm32f10x_exti.o
 .comment       0x00000000       0x2c rel/stm32f10x_flash.o
 .comment       0x00000000       0x2c rel/stm32f10x_fsmc.o
 .comment       0x00000000       0x2c rel/stm32f10x_gpio.o
 .comment       0x00000000       0x2c rel/stm32f10x_i2c.o
 .comment       0x00000000       0x2c rel/stm32f10x_iwdg.o
 .comment       0x00000000       0x2c rel/stm32f10x_pwr.o
 .comment       0x00000000       0x2c rel/stm32f10x_rcc.o
 .comment       0x00000000       0x2c rel/stm32f10x_rtc.o
 .comment       0x00000000       0x2c rel/stm32f10x_sdio.o
 .comment       0x00000000       0x2c rel/stm32f10x_spi.o
 .comment       0x00000000       0x2c rel/stm32f10x_tim.o
 .comment       0x00000000       0x2c rel/stm32f10x_usart.o
 .comment       0x00000000       0x2c rel/stm32f10x_wwdg.o
 .comment       0x00000000       0x2c D:\qp\qpc/ports/arm-cortex/qk/gnu/rel\libqp_cortex-m3_cs.a(qhsm_top.o)
 .comment       0x00000000       0x2c D:\qp\qpc/ports/arm-cortex/qk/gnu/rel\libqp_cortex-m3_cs.a(qa_fifo.o)
 .comment       0x00000000       0x2c D:\qp\qpc/ports/arm-cortex/qk/gnu/rel\libqp_cortex-m3_cs.a(qa_sub.o)
 .comment       0x00000000       0x2c D:\qp\qpc/ports/arm-cortex/qk/gnu/rel\libqp_cortex-m3_cs.a(qf_act.o)
 .comment       0x00000000       0x2c D:\qp\qpc/ports/arm-cortex/qk/gnu/rel\libqp_cortex-m3_cs.a(qf_new.o)
 .comment       0x00000000       0x2c D:\qp\qpc/ports/arm-cortex/qk/gnu/rel\libqp_cortex-m3_cs.a(qf_pool.o)
 .comment       0x00000000       0x2c D:\qp\qpc/ports/arm-cortex/qk/gnu/rel\libqp_cortex-m3_cs.a(qf_psini.o)
 .comment       0x00000000       0x2c D:\qp\qpc/ports/arm-cortex/qk/gnu/rel\libqp_cortex-m3_cs.a(qf_pspub.o)
 .comment       0x00000000       0x2c D:\qp\qpc/ports/arm-cortex/qk/gnu/rel\libqp_cortex-m3_cs.a(qf_pwr2.o)
 .comment       0x00000000       0x2c D:\qp\qpc/ports/arm-cortex/qk/gnu/rel\libqp_cortex-m3_cs.a(qf_tick.o)
 .comment       0x00000000       0x2c D:\qp\qpc/ports/arm-cortex/qk/gnu/rel\libqp_cortex-m3_cs.a(qmp_get.o)
 .comment       0x00000000       0x2c D:\qp\qpc/ports/arm-cortex/qk/gnu/rel\libqp_cortex-m3_cs.a(qmp_init.o)
 .comment       0x00000000       0x2c D:\qp\qpc/ports/arm-cortex/qk/gnu/rel\libqp_cortex-m3_cs.a(qte_ctor.o)
 .comment       0x00000000       0x2c D:\qp\qpc/ports/arm-cortex/qk/gnu/rel\libqp_cortex-m3_cs.a(qte_arm.o)
 .comment       0x00000000       0x2c D:\qp\qpc/ports/arm-cortex/qk/gnu/rel\libqp_cortex-m3_cs.a(qk.o)
 .comment       0x00000000       0x2c D:\qp\qpc/ports/arm-cortex/qk/gnu/rel\libqp_cortex-m3_cs.a(qk_sched.o)
 .comment       0x00000000       0x2c D:\qp\qpc/ports/arm-cortex/qk/gnu/rel\libqp_cortex-m3_cs.a(qk_mutex.o)
 .comment       0x00000000       0x2c D:\qp\qpc/ports/arm-cortex/qk/gnu/rel\libqp_cortex-m3_cs.a(qhsm_ini.o)
 .comment       0x00000000       0x2c D:\qp\qpc/ports/arm-cortex/qk/gnu/rel\libqp_cortex-m3_cs.a(qhsm_dis.o)
 .comment       0x00000000       0x2c D:\qp\qpc/ports/arm-cortex/qk/gnu/rel\libqp_cortex-m3_cs.a(qa_get_.o)
 .comment       0x00000000       0x2c D:\qp\qpc/ports/arm-cortex/qk/gnu/rel\libqp_cortex-m3_cs.a(qeq_init.o)
 .comment       0x00000000       0x2c D:\qp\qpc/ports/arm-cortex/qk/gnu/rel\libqp_cortex-m3_cs.a(qf_gc.o)
 .comment       0x00000000       0x2c D:\qp\qpc/ports/arm-cortex/qk/gnu/rel\libqp_cortex-m3_cs.a(qf_log2.o)
 .comment       0x00000000       0x2c D:\qp\qpc/ports/arm-cortex/qk/gnu/rel\libqp_cortex-m3_cs.a(qmp_put.o)
 .comment       0x00000000       0x2c D:\qp\qpc/ports/arm-cortex/qk/gnu/rel\libqp_cortex-m3_cs.a(qep.o)

.ARM.attributes
                0x00000000       0x31
 .ARM.attributes
                0x00000000       0x33 rel/main.o
 .ARM.attributes
                0x00000033       0x33 rel/table.o
 .ARM.attributes
                0x00000066       0x33 rel/philo.o
 .ARM.attributes
                0x00000099       0x33 rel/bsp.o
 .ARM.attributes
                0x000000cc       0x33 rel/no_heap.o
 .ARM.attributes
                0x000000ff       0x33 rel/startup_stm32f10x_cl.o
 .ARM.attributes
                0x00000132       0x33 rel/system_stm32f10x.o
 .ARM.attributes
                0x00000165       0x33 rel/stm32_eval.o
 .ARM.attributes
                0x00000198       0x33 rel/stm3210c_eval_lcd.o
 .ARM.attributes
                0x000001cb       0x33 rel/stm3210c_eval_ioe.o
 .ARM.attributes
                0x000001fe       0x33 rel/misc.o
 .ARM.attributes
                0x00000231       0x33 rel/stm32f10x_adc.o
 .ARM.attributes
                0x00000264       0x33 rel/stm32f10x_bkp.o
 .ARM.attributes
                0x00000297       0x33 rel/stm32f10x_can.o
 .ARM.attributes
                0x000002ca       0x33 rel/stm32f10x_crc.o
 .ARM.attributes
                0x000002fd       0x33 rel/stm32f10x_dac.o
 .ARM.attributes
                0x00000330       0x33 rel/stm32f10x_dbgmcu.o
 .ARM.attributes
                0x00000363       0x33 rel/stm32f10x_dma.o
 .ARM.attributes
                0x00000396       0x33 rel/stm32f10x_exti.o
 .ARM.attributes
                0x000003c9       0x33 rel/stm32f10x_flash.o
 .ARM.attributes
                0x000003fc       0x33 rel/stm32f10x_fsmc.o
 .ARM.attributes
                0x0000042f       0x33 rel/stm32f10x_gpio.o
 .ARM.attributes
                0x00000462       0x33 rel/stm32f10x_i2c.o
 .ARM.attributes
                0x00000495       0x33 rel/stm32f10x_iwdg.o
 .ARM.attributes
                0x000004c8       0x33 rel/stm32f10x_pwr.o
 .ARM.attributes
                0x000004fb       0x33 rel/stm32f10x_rcc.o
 .ARM.attributes
                0x0000052e       0x33 rel/stm32f10x_rtc.o
 .ARM.attributes
                0x00000561       0x33 rel/stm32f10x_sdio.o
 .ARM.attributes
                0x00000594       0x33 rel/stm32f10x_spi.o
 .ARM.attributes
                0x000005c7       0x33 rel/stm32f10x_tim.o
 .ARM.attributes
                0x000005fa       0x33 rel/stm32f10x_usart.o
 .ARM.attributes
                0x0000062d       0x33 rel/stm32f10x_wwdg.o
 .ARM.attributes
                0x00000660       0x33 D:\qp\qpc/ports/arm-cortex/qk/gnu/rel\libqp_cortex-m3_cs.a(qhsm_top.o)
 .ARM.attributes
                0x00000693       0x33 D:\qp\qpc/ports/arm-cortex/qk/gnu/rel\libqp_cortex-m3_cs.a(qa_fifo.o)
 .ARM.attributes
                0x000006c6       0x33 D:\qp\qpc/ports/arm-cortex/qk/gnu/rel\libqp_cortex-m3_cs.a(qa_sub.o)
 .ARM.attributes
                0x000006f9       0x33 D:\qp\qpc/ports/arm-cortex/qk/gnu/rel\libqp_cortex-m3_cs.a(qf_act.o)
 .ARM.attributes
                0x0000072c       0x33 D:\qp\qpc/ports/arm-cortex/qk/gnu/rel\libqp_cortex-m3_cs.a(qf_new.o)
 .ARM.attributes
                0x0000075f       0x33 D:\qp\qpc/ports/arm-cortex/qk/gnu/rel\libqp_cortex-m3_cs.a(qf_pool.o)
 .ARM.attributes
                0x00000792       0x33 D:\qp\qpc/ports/arm-cortex/qk/gnu/rel\libqp_cortex-m3_cs.a(qf_psini.o)
 .ARM.attributes
                0x000007c5       0x33 D:\qp\qpc/ports/arm-cortex/qk/gnu/rel\libqp_cortex-m3_cs.a(qf_pspub.o)
 .ARM.attributes
                0x000007f8       0x33 D:\qp\qpc/ports/arm-cortex/qk/gnu/rel\libqp_cortex-m3_cs.a(qf_pwr2.o)
 .ARM.attributes
                0x0000082b       0x33 D:\qp\qpc/ports/arm-cortex/qk/gnu/rel\libqp_cortex-m3_cs.a(qf_tick.o)
 .ARM.attributes
                0x0000085e       0x33 D:\qp\qpc/ports/arm-cortex/qk/gnu/rel\libqp_cortex-m3_cs.a(qmp_get.o)
 .ARM.attributes
                0x00000891       0x33 D:\qp\qpc/ports/arm-cortex/qk/gnu/rel\libqp_cortex-m3_cs.a(qmp_init.o)
 .ARM.attributes
                0x000008c4       0x33 D:\qp\qpc/ports/arm-cortex/qk/gnu/rel\libqp_cortex-m3_cs.a(qte_ctor.o)
 .ARM.attributes
                0x000008f7       0x33 D:\qp\qpc/ports/arm-cortex/qk/gnu/rel\libqp_cortex-m3_cs.a(qte_arm.o)
 .ARM.attributes
                0x0000092a       0x33 D:\qp\qpc/ports/arm-cortex/qk/gnu/rel\libqp_cortex-m3_cs.a(qk.o)
 .ARM.attributes
                0x0000095d       0x33 D:\qp\qpc/ports/arm-cortex/qk/gnu/rel\libqp_cortex-m3_cs.a(qk_sched.o)
 .ARM.attributes
                0x00000990       0x33 D:\qp\qpc/ports/arm-cortex/qk/gnu/rel\libqp_cortex-m3_cs.a(qk_mutex.o)
 .ARM.attributes
                0x000009c3       0x33 D:\qp\qpc/ports/arm-cortex/qk/gnu/rel\libqp_cortex-m3_cs.a(qhsm_ini.o)
 .ARM.attributes
                0x000009f6       0x33 D:\qp\qpc/ports/arm-cortex/qk/gnu/rel\libqp_cortex-m3_cs.a(qhsm_dis.o)
 .ARM.attributes
                0x00000a29       0x33 D:\qp\qpc/ports/arm-cortex/qk/gnu/rel\libqp_cortex-m3_cs.a(qa_get_.o)
 .ARM.attributes
                0x00000a5c       0x33 D:\qp\qpc/ports/arm-cortex/qk/gnu/rel\libqp_cortex-m3_cs.a(qeq_init.o)
 .ARM.attributes
                0x00000a8f       0x33 D:\qp\qpc/ports/arm-cortex/qk/gnu/rel\libqp_cortex-m3_cs.a(qf_gc.o)
 .ARM.attributes
                0x00000ac2       0x33 D:\qp\qpc/ports/arm-cortex/qk/gnu/rel\libqp_cortex-m3_cs.a(qf_log2.o)
 .ARM.attributes
                0x00000af5       0x33 D:\qp\qpc/ports/arm-cortex/qk/gnu/rel\libqp_cortex-m3_cs.a(qmp_put.o)
 .ARM.attributes
                0x00000b28       0x21 D:\qp\qpc/ports/arm-cortex/qk/gnu/rel\libqp_cortex-m3_cs.a(qk_port.o)
 .ARM.attributes
                0x00000b49       0x33 D:\qp\qpc/ports/arm-cortex/qk/gnu/rel\libqp_cortex-m3_cs.a(qep.o)
