Archive member included because of file (symbol)

/home/orhan/qp/qpc/ports/arm-cortex/qk/gnu/dbg/libqp_cortex-m3_cs.a(qhsm_top.o)
                              dbg/lpj.o (QHsm_top)
/home/orhan/qp/qpc/ports/arm-cortex/qk/gnu/dbg/libqp_cortex-m3_cs.a(qa_fifo.o)
                              dbg/bsp.o (QActive_postFIFO)
/home/orhan/qp/qpc/ports/arm-cortex/qk/gnu/dbg/libqp_cortex-m3_cs.a(qf_new.o)
                              dbg/bsp.o (QF_new_)
/home/orhan/qp/qpc/ports/arm-cortex/qk/gnu/dbg/libqp_cortex-m3_cs.a(qf_pool.o)
                              dbg/main.o (QF_poolInit)
/home/orhan/qp/qpc/ports/arm-cortex/qk/gnu/dbg/libqp_cortex-m3_cs.a(qf_pwr2.o)
                              /home/orhan/qp/qpc/ports/arm-cortex/qk/gnu/dbg/libqp_cortex-m3_cs.a(qa_fifo.o) (QF_div8Lkup)
/home/orhan/qp/qpc/ports/arm-cortex/qk/gnu/dbg/libqp_cortex-m3_cs.a(qf_tick.o)
                              dbg/bsp.o (QF_tick)
/home/orhan/qp/qpc/ports/arm-cortex/qk/gnu/dbg/libqp_cortex-m3_cs.a(qmp_get.o)
                              /home/orhan/qp/qpc/ports/arm-cortex/qk/gnu/dbg/libqp_cortex-m3_cs.a(qf_new.o) (QMPool_get)
/home/orhan/qp/qpc/ports/arm-cortex/qk/gnu/dbg/libqp_cortex-m3_cs.a(qmp_init.o)
                              /home/orhan/qp/qpc/ports/arm-cortex/qk/gnu/dbg/libqp_cortex-m3_cs.a(qf_pool.o) (QMPool_init)
/home/orhan/qp/qpc/ports/arm-cortex/qk/gnu/dbg/libqp_cortex-m3_cs.a(qte_ctor.o)
                              dbg/lpj.o (QTimeEvt_ctor)
/home/orhan/qp/qpc/ports/arm-cortex/qk/gnu/dbg/libqp_cortex-m3_cs.a(qte_arm.o)
                              dbg/lpj.o (QTimeEvt_arm_)
/home/orhan/qp/qpc/ports/arm-cortex/qk/gnu/dbg/libqp_cortex-m3_cs.a(qk.o)
                              dbg/main.o (QF_init)
/home/orhan/qp/qpc/ports/arm-cortex/qk/gnu/dbg/libqp_cortex-m3_cs.a(qk_sched.o)
                              /home/orhan/qp/qpc/ports/arm-cortex/qk/gnu/dbg/libqp_cortex-m3_cs.a(qa_fifo.o) (QK_schedPrio_)
/home/orhan/qp/qpc/ports/arm-cortex/qk/gnu/dbg/libqp_cortex-m3_cs.a(qk_mutex.o)
                              /home/orhan/qp/qpc/ports/arm-cortex/qk/gnu/dbg/libqp_cortex-m3_cs.a(qk_sched.o) (QK_ceilingPrio_)
/home/orhan/qp/qpc/ports/arm-cortex/qk/gnu/dbg/libqp_cortex-m3_cs.a(qhsm_ini.o)
                              /home/orhan/qp/qpc/ports/arm-cortex/qk/gnu/dbg/libqp_cortex-m3_cs.a(qk.o) (QHsm_init)
/home/orhan/qp/qpc/ports/arm-cortex/qk/gnu/dbg/libqp_cortex-m3_cs.a(qhsm_dis.o)
                              /home/orhan/qp/qpc/ports/arm-cortex/qk/gnu/dbg/libqp_cortex-m3_cs.a(qk_sched.o) (QHsm_dispatch)
/home/orhan/qp/qpc/ports/arm-cortex/qk/gnu/dbg/libqp_cortex-m3_cs.a(qa_get_.o)
                              /home/orhan/qp/qpc/ports/arm-cortex/qk/gnu/dbg/libqp_cortex-m3_cs.a(qk_sched.o) (QActive_get_)
/home/orhan/qp/qpc/ports/arm-cortex/qk/gnu/dbg/libqp_cortex-m3_cs.a(qeq_init.o)
                              /home/orhan/qp/qpc/ports/arm-cortex/qk/gnu/dbg/libqp_cortex-m3_cs.a(qk.o) (QEQueue_init)
/home/orhan/qp/qpc/ports/arm-cortex/qk/gnu/dbg/libqp_cortex-m3_cs.a(qf_act.o)
                              /home/orhan/qp/qpc/ports/arm-cortex/qk/gnu/dbg/libqp_cortex-m3_cs.a(qk.o) (QF_getVersion)
/home/orhan/qp/qpc/ports/arm-cortex/qk/gnu/dbg/libqp_cortex-m3_cs.a(qf_gc.o)
                              /home/orhan/qp/qpc/ports/arm-cortex/qk/gnu/dbg/libqp_cortex-m3_cs.a(qk_sched.o) (QF_gc)
/home/orhan/qp/qpc/ports/arm-cortex/qk/gnu/dbg/libqp_cortex-m3_cs.a(qf_log2.o)
                              /home/orhan/qp/qpc/ports/arm-cortex/qk/gnu/dbg/libqp_cortex-m3_cs.a(qk_sched.o) (QF_log2Lkup)
/home/orhan/qp/qpc/ports/arm-cortex/qk/gnu/dbg/libqp_cortex-m3_cs.a(qmp_put.o)
                              /home/orhan/qp/qpc/ports/arm-cortex/qk/gnu/dbg/libqp_cortex-m3_cs.a(qf_gc.o) (QMPool_put)
/home/orhan/qp/qpc/ports/arm-cortex/qk/gnu/dbg/libqp_cortex-m3_cs.a(qk_port.o)
                              /home/orhan/qp/qpc/ports/arm-cortex/qk/gnu/dbg/libqp_cortex-m3_cs.a(qk.o) (QK_init)
/home/orhan/qp/qpc/ports/arm-cortex/qk/gnu/dbg/libqp_cortex-m3_cs.a(qep.o)
                              /home/orhan/qp/qpc/ports/arm-cortex/qk/gnu/dbg/libqp_cortex-m3_cs.a(qhsm_ini.o) (QEP_reservedEvt_)
/home/orhan/CodeSourcery/Sourcery_CodeBench_Lite_for_ARM_EABI/bin/../lib/gcc/arm-none-eabi/4.7.2/../../../../arm-none-eabi/lib/thumb2/libc.a(lib_a-fwrite.o)
                              dbg/bsp.o (fwrite)
/home/orhan/CodeSourcery/Sourcery_CodeBench_Lite_for_ARM_EABI/bin/../lib/gcc/arm-none-eabi/4.7.2/../../../../arm-none-eabi/lib/thumb2/libc.a(lib_a-impure.o)
                              dbg/bsp.o (_impure_ptr)
/home/orhan/CodeSourcery/Sourcery_CodeBench_Lite_for_ARM_EABI/bin/../lib/gcc/arm-none-eabi/4.7.2/../../../../arm-none-eabi/lib/thumb2/libc.a(lib_a-init.o)
                              dbg/startup_stm32f10x_cl.o (__libc_init_array)
/home/orhan/CodeSourcery/Sourcery_CodeBench_Lite_for_ARM_EABI/bin/../lib/gcc/arm-none-eabi/4.7.2/../../../../arm-none-eabi/lib/thumb2/libc.a(lib_a-printf.o)
                              dbg/bsp.o (printf)
[...]
Memory Configuration

Name             Origin             Length             Attributes
ROM              0x08000000         0x00040000         xr
RAM              0x20000000         0x00010000         xrw
*default*        0x00000000         0xffffffff

Linker script and memory map

LOAD dbg/bsp.o
LOAD dbg/bh1750.o
LOAD dbg/lpj.o
LOAD dbg/newlib_stub.o
LOAD dbg/main.o
LOAD dbg/pir.o
LOAD dbg/usart.o
LOAD dbg/timer.o
LOAD dbg/startup_stm32f10x_cl.o
LOAD dbg/system_stm32f10x.o
LOAD dbg/stm32_eval.o
LOAD dbg/stm3210c_eval_lcd.o
LOAD dbg/stm3210c_eval_ioe.o
LOAD dbg/misc.o
LOAD dbg/stm32f10x_adc.o
LOAD dbg/stm32f10x_bkp.o
LOAD dbg/stm32f10x_can.o
LOAD dbg/stm32f10x_crc.o
LOAD dbg/stm32f10x_dac.o
LOAD dbg/stm32f10x_dbgmcu.o
LOAD dbg/stm32f10x_dma.o
LOAD dbg/stm32f10x_exti.o
LOAD dbg/stm32f10x_flash.o
LOAD dbg/stm32f10x_fsmc.o
LOAD dbg/stm32f10x_gpio.o
LOAD dbg/stm32f10x_i2c.o
LOAD dbg/stm32f10x_iwdg.o
LOAD dbg/stm32f10x_pwr.o
LOAD dbg/stm32f10x_rcc.o
LOAD dbg/stm32f10x_rtc.o
LOAD dbg/stm32f10x_sdio.o
LOAD dbg/stm32f10x_spi.o
LOAD dbg/stm32f10x_tim.o
LOAD dbg/stm32f10x_usart.o
LOAD dbg/stm32f10x_wwdg.o
LOAD /home/orhan/qp/qpc/ports/arm-cortex/qk/gnu/dbg/libqp_cortex-m3_cs.a
LOAD /home/orhan/CodeSourcery/Sourcery_CodeBench_Lite_for_ARM_EABI/bin/../lib/gcc/arm-none-eabi/4.7.2/../../../../arm-none-eabi/lib/thumb2/libc.a
                0x00001000                STACK_SIZE = 0x1000
                0x00001000                HEAP_SIZE = 0x1000

.isr_vector     0x08000000      0x154
 *(.isr_vector)
 .isr_vector    0x08000000      0x154 dbg/startup_stm32f10x_cl.o
                0x08000000                g_pfnVectors
                0x08000154                . = ALIGN (0x4)

.text           0x08000158    0x109e4
                0x08000158                . = ALIGN (0x4)
 *(.text)
 .text          0x08000158      0x560 dbg/bsp.o
                0x08000158                calcChecksum
                0x0800016c                SysTick_Handler
                0x080001ac                USART2_IRQHandler
                0x08000300                USART3_IRQHandler
                0x080004a0                BSP_init
                0x080004f4                turnOff
                0x08000508                turnOn
                0x0800051c                Dimm
                0x0800052c                Bright
                0x08000540                periksaLux
                0x08000570                periksaPIR
                0x080005a0                EXTI0_IRQHandler
                0x080005f4                kirimReport
                0x08000644                QF_onStartup
                0x08000690                QF_onCleanup
                0x08000694                QK_onIdle
                0x08000698                Q_onAssert
                0x080006b0                assert_failed
 .text          0x080006b8      0x250 dbg/bh1750.o
                0x080006b8                I2C_Setup
                0x0800079c                Init_BH1750
                0x08000820                Receive
 .text          0x08000908      0x248 dbg/lpj.o
                0x08000b28                LPJ_ctor
 .text          0x08000b50      0x290 dbg/newlib_stub.o
                0x08000b50                _open
                0x08000b80                _close
                0x08000b88                _execve
                0x08000b9c                _fork
                0x08000bb0                _fstat
                0x08000bbc                _getpid
                0x08000bc4                _isatty
                0x08000be0                _kill
                0x08000bf4                _link
                0x08000c08                _lseek
                0x08000c10                _read
                0x08000c84                _stat
                0x08000c90                _times
                0x08000c98                _unlink
                0x08000cac                _wait
                0x08000cc0                _write
                0x08000d78                _sbrk
                0x08000dc8                _exit
 .text          0x08000de0       0x8c dbg/main.o
                0x08000de0                main
                0x08000e44                __io_putchar
 .text          0x08000e6c       0x8c dbg/pir.o
                0x08000e6c                PIR_Setup
 .text          0x08000ef8      0x158 dbg/usart.o
                0x08000ef8                Com_Init
 .text          0x08001050      0x198 dbg/timer.o
                0x08001050                PWMInit
 .text          0x080011e8       0xb8 dbg/startup_stm32f10x_cl.o
                0x080011e8                EXTI2_IRQHandler
                0x080011e8                TIM8_TRG_COM_IRQHandler
                0x080011e8                TIM8_CC_IRQHandler
                0x080011e8                DebugMon_Handler
                0x080011e8                TIM1_CC_IRQHandler
                0x080011e8                TIM6_IRQHandler
                0x080011e8                PVD_IRQHandler
                0x080011e8                SDIO_IRQHandler
                0x080011e8                NMI_Handler
                0x080011e8                CAN2_RX1_IRQHandler
                0x080011e8                EXTI3_IRQHandler
                0x080011e8                I2C2_EV_IRQHandler
                0x080011e8                UsageFault_Handler
                0x080011e8                CAN2_SCE_IRQHandler
                0x080011e8                ADC1_2_IRQHandler
                0x080011e8                SPI1_IRQHandler
                0x080011e8                TAMPER_IRQHandler
                0x080011e8                CAN2_RX0_IRQHandler
                0x080011e8                TIM8_UP_IRQHandler
                0x080011e8                DMA2_Channel2_IRQHandler
                0x080011e8                DMA1_Channel4_IRQHandler
                0x080011e8                RTC_IRQHandler
                0x080011e8                DMA1_Channel7_IRQHandler
                0x080011e8                CAN1_RX1_IRQHandler
                0x080011e8                UART5_IRQHandler
                0x080011e8                ADC3_IRQHandler
                0x080011e8                TIM4_IRQHandler
                0x080011e8                DMA2_Channel1_IRQHandler
                0x080011e8                I2C1_EV_IRQHandler
                0x080011e8                DMA1_Channel6_IRQHandler
                0x080011e8                UART4_IRQHandler
                0x080011e8                TIM3_IRQHandler
                0x080011e8                RCC_IRQHandler
                0x080011e8                TIM1_TRG_COM_IRQHandler
                0x080011e8                DMA1_Channel1_IRQHandler
                0x080011e8                EXTI15_10_IRQHandler
                0x080011e8                TIM7_IRQHandler
                0x080011e8                CAN2_TX_IRQHandler
                0x080011e8                TIM5_IRQHandler
                0x080011e8                EXTI9_5_IRQHandler
                0x080011e8                ETH_WKUP_IRQHandler
                0x080011e8                SPI2_IRQHandler
                0x080011e8                MemManage_Handler
                0x080011e8                DMA2_Channel5_IRQHandler
                0x080011e8                DMA1_Channel5_IRQHandler
                0x080011e8                EXTI4_IRQHandler
                0x080011e8                USB_LP_CAN1_RX0_IRQHandler
                0x080011e8                USB_HP_CAN1_TX_IRQHandler
                0x080011e8                DMA1_Channel3_IRQHandler
                0x080011e8                FSMC_IRQHandler
                0x080011e8                ETH_IRQHandler
                0x080011e8                TIM1_UP_IRQHandler
                0x080011e8                WWDG_IRQHandler
                0x080011e8                TIM2_IRQHandler
                0x080011e8                TIM1_BRK_IRQHandler
                0x080011e8                EXTI1_IRQHandler
                0x080011e8                RTCAlarm_IRQHandler
                0x080011e8                DMA2_Channel4_5_IRQHandler
                0x080011e8                I2C2_ER_IRQHandler
                0x080011e8                DMA1_Channel2_IRQHandler
                0x080011e8                TIM8_BRK_IRQHandler
                0x080011e8                CAN1_SCE_IRQHandler
                0x080011e8                FLASH_IRQHandler
                0x080011e8                BusFault_Handler
                0x080011e8                USART1_IRQHandler
                0x080011e8                Spurious_Handler
                0x080011e8                OTG_FS_IRQHandler
                0x080011e8                SPI3_IRQHandler
                0x080011e8                I2C1_ER_IRQHandler
                0x080011e8                USBWakeUp_IRQHandler
                0x080011e8                DMA2_Channel3_IRQHandler
                0x08001204                Reset_Handler
                0x0800129c                _init
 .text          0x080012a0       0xf8 dbg/system_stm32f10x.o
                0x080012a0                SystemInit
 .text          0x08001398      0x1f4 dbg/stm32_eval.o
                0x08001398                STM_EVAL_LEDInit
                0x080013e0                STM_EVAL_LEDOn
                0x080013fc                STM_EVAL_LEDOff
                0x08001418                STM_EVAL_LEDToggle
                0x08001438                STM_EVAL_PBInit
                0x080014e4                STM_EVAL_PBGetState
                0x08001504                STM_EVAL_COMInit
 .text          0x0800158c      0xb78 dbg/stm3210c_eval_lcd.o
                0x080015bc                LCD_SetTextColor
                0x080015d4                LCD_SetBackColor
                0x080015ec                LCD_WriteRAM
                0x0800162c                LCD_CtrlLinesConfig
                0x08001664                LCD_CtrlLinesWrite
                0x0800166c                LCD_nCS_StartByte
                0x080016a4                LCD_WriteRegIndex
                0x08001700                LCD_WriteRAM_Prepare
                0x08001714                LCD_WriteReg
                0x08001774                LCD_DisplayOff
                0x08001784                LCD_DisplayOn
                0x08001794                LCD_PowerOn
                0x08001830                LCD_SetCursor
                0x0800184c                LCD_SetDisplayWindow
                0x080018b8                LCD_WindowModeDisable
                0x080018dc                LCD_WriteRAMWord
                0x08001900                LCD_DrawCircle
                0x08001a28                LCD_ReadReg
                0x08001b38                LCD_DrawMonoPict
                0x08001bb0                LCD_DrawLine
                0x08001c38                LCD_DrawRect
                0x08001c80                LCD_DrawChar
                0x08001cf8                LCD_DisplayChar
                0x08001d20                LCD_DisplayString
                0x08001d50                LCD_ClearLine
                0x08001d64                LCD_Clear
                0x08001d9c                LCD_SPIConfig
                0x08001e40                LCD_Setup
                0x080020fc                STM3210C_LCD_Init
 .text          0x08002104      0xea4 dbg/stm3210c_eval_ioe.o
                0x08002178                I2C_WriteDeviceRegister
                0x080022a0                IOE_Reset
                0x080022cc                IOE_ClearIOITPending
                0x0800230c                IOE_ClearGITPending
                0x08002320                IOE_WriteIOPin
                0x08002360                I2C_ReadDeviceRegister
                0x08002504                IOE_ITOutConfig
                0x08002550                IOE_IOEdgeConfig
                0x080025ac                IOE_IOAFConfig
                0x080025dc                IOE_TempSens_Config
                0x0800263c                IOE_TS_Config
                0x08002750                IOE_IOITConfig
                0x08002780                IOE_GITConfig
                0x080027b0                IOE_GITCmd
                0x080027d4                IOE_IOPinConfig
                0x08002804                IOE_FnctCmd
                0x08002834                IOE_ReadID
                0x08002858                IOE_IsOperational
                0x08002880                IOE_Config
                0x08002a0c                IOE_GetIOITStatus
                0x08002a24                IOE_GetGITStatus
                0x08002a50                IOE_TempSens_GetData
                0x08002acc                IOE_JoyStickGetState
                0x08002b30                IOE_ReadIOPin
                0x08002b68                IOE_ITConfig
                0x08002cd4                I2C_ReadDataBuffer
                0x08002ea8                IOE_TS_GetState
 .text          0x08002fa8       0xd8 dbg/misc.o
                0x08002fa8                NVIC_PriorityGroupConfig
                0x08002fbc                NVIC_Init
                0x08003038                NVIC_SetVectorTable
                0x0800304c                NVIC_SystemLPConfig
                0x08003068                SysTick_CLKSourceConfig
 .text          0x08003080      0x41c dbg/stm32f10x_adc.o
                0x08003080                ADC_DeInit
                0x080030f0                ADC_Init
                0x0800313c                ADC_StructInit
                0x08003154                ADC_Cmd
                0x0800316c                ADC_DMACmd
                0x08003184                ADC_ITConfig
                0x0800319c                ADC_ResetCalibration
                0x080031a8                ADC_GetResetCalibrationStatus
                0x080031b0                ADC_StartCalibration
                0x080031bc                ADC_GetCalibrationStatus
                0x080031c4                ADC_SoftwareStartConvCmd
                0x080031dc                ADC_GetSoftwareStartConvStatus
                0x080031e4                ADC_DiscModeChannelCountConfig
                0x080031f8                ADC_DiscModeCmd
                0x08003210                ADC_RegularChannelConfig
                0x080032c4                ADC_ExternalTrigConvCmd
                0x080032dc                ADC_GetConversionValue
                0x080032e4                ADC_GetDualModeConversionValue
                0x080032f0                ADC_AutoInjectedConvCmd
                0x08003308                ADC_InjectedDiscModeCmd
                0x08003320                ADC_ExternalTrigInjectedConvConfig
                0x0800332c                ADC_ExternalTrigInjectedConvCmd
                0x08003344                ADC_SoftwareStartInjectedConvCmd
                0x0800335c                ADC_GetSoftwareStartInjectedConvCmdStatus
                0x08003364                ADC_InjectedChannelConfig
                0x080033d4                ADC_InjectedSequencerLengthConfig
                0x080033e8                ADC_SetInjectedOffset
                0x08003400                ADC_GetInjectedConversionValue
                0x08003420                ADC_AnalogWatchdogCmd
                0x08003430                ADC_AnalogWatchdogThresholdsConfig
                0x08003438                ADC_AnalogWatchdogSingleChannelConfig
                0x08003444                ADC_TempSensorVrefintCmd
                0x08003464                ADC_GetFlagStatus
                0x08003470                ADC_ClearFlag
                0x08003478                ADC_GetITStatus
                0x08003494                ADC_ClearITPendingBit
 .text          0x0800349c       0xf0 dbg/stm32f10x_bkp.o
                0x0800349c                BKP_DeInit
                0x080034b0                BKP_TamperPinLevelConfig
                0x080034bc                BKP_TamperPinCmd
                0x080034c8                BKP_ITConfig
                0x080034d4                BKP_RTCOutputConfig
                0x080034f0                BKP_SetRTCCalibrationValue
                0x0800350c                BKP_WriteBackupRegister
                0x0800352c                BKP_ReadBackupRegister
                0x0800354c                BKP_GetFlagStatus
                0x08003558                BKP_ClearFlag
                0x0800356c                BKP_GetITStatus
                0x08003578                BKP_ClearITPendingBit
 .text          0x0800358c      0x728 dbg/stm32f10x_can.o
                0x08003598                CAN_DeInit
                0x080035d8                CAN_Init
                0x080036c8                CAN_FilterInit
                0x080037c8                CAN_StructInit
                0x080037f0                CAN_SlaveStartBank
                0x0800382c                CAN_ITConfig
                0x08003840                CAN_Transmit
                0x08003928                CAN_TransmitStatus
                0x080039a8                CAN_CancelTransmit
                0x080039d4                CAN_FIFORelease
                0x080039e8                CAN_MessagePending
                0x08003a04                CAN_Receive
                0x08003aac                CAN_DBGFreeze
                0x08003ac4                CAN_Sleep
                0x08003ae0                CAN_WakeUp
                0x08003b0c                CAN_GetFlagStatus
                0x08003b18                CAN_ClearFlag
                0x08003b24                CAN_GetITStatus
                0x08003c04                CAN_ClearITPendingBit
 .text          0x08003cb4       0x64 dbg/stm32f10x_crc.o
                0x08003cb4                CRC_ResetDR
                0x08003cc4                CRC_CalcCRC
                0x08003cd0                CRC_CalcBlockCRC
                0x08003cf4                CRC_GetCRC
                0x08003d00                CRC_SetIDRegister
                0x08003d0c                CRC_GetIDRegister
 .text          0x08003d18      0x1b4 dbg/stm32f10x_dac.o
                0x08003d18                DAC_DeInit
                0x08003d34                DAC_Init
                0x08003d64                DAC_StructInit
                0x08003d74                DAC_Cmd
                0x08003da0                DAC_DMACmd
                0x08003dcc                DAC_SoftwareTriggerCmd
                0x08003e00                DAC_DualSoftwareTriggerCmd
                0x08003e20                DAC_WaveGenerationCmd
                0x08003e44                DAC_SetChannel1Data
                0x08003e68                DAC_SetChannel2Data
                0x08003e8c                DAC_SetDualChannelData
                0x08003ea4                DAC_GetDataOutputValue
 .text          0x08003ecc       0x40 dbg/stm32f10x_dbgmcu.o
                0x08003ecc                DBGMCU_GetREVID
                0x08003edc                DBGMCU_GetDEVID
                0x08003ef0                DBGMCU_Config
 .text          0x08003f0c      0x234 dbg/stm32f10x_dma.o
                0x08003f0c                DMA_DeInit
                0x08004040                DMA_Init
                0x08004080                DMA_StructInit
                0x0800409c                DMA_Cmd
                0x080040b4                DMA_ITConfig
                0x080040c8                DMA_GetCurrDataCounter
                0x080040d0                DMA_GetFlagStatus
                0x080040f0                DMA_ClearFlag
                0x08004108                DMA_GetITStatus
                0x08004128                DMA_ClearITPendingBit
 .text          0x08004140      0x118 dbg/stm32f10x_exti.o
                0x08004140                EXTI_DeInit
                0x0800415c                EXTI_Init
                0x080041e8                EXTI_StructInit
                0x080041fc                EXTI_GenerateSWInterrupt
                0x0800420c                EXTI_GetFlagStatus
                0x08004220                EXTI_ClearFlag
                0x0800422c                EXTI_GetITStatus
                0x0800424c                EXTI_ClearITPendingBit
 .text          0x08004258      0x524 dbg/stm32f10x_flash.o
                0x08004258                FLASH_SetLatency
                0x0800426c                FLASH_HalfCycleAccessCmd
                0x08004284                FLASH_PrefetchBufferCmd
                0x0800429c                FLASH_Unlock
                0x080042b4                FLASH_Lock
                0x080042c4                FLASH_GetUserOptionByte
                0x080042d4                FLASH_GetWriteProtectionOptionByte
                0x080042e0                FLASH_GetReadOutProtectionStatus
                0x080042f0                FLASH_GetPrefetchBufferStatus
                0x08004300                FLASH_ITConfig
                0x0800431c                FLASH_GetFlagStatus
                0x0800433c                FLASH_ClearFlag
                0x08004348                FLASH_GetStatus
                0x08004380                FLASH_WaitForLastOperation
                0x080043cc                FLASH_UserOptionByteConfig
                0x08004428                FLASH_ReadOutProtection
                0x080044c0                FLASH_EnableWriteProtection
                0x08004570                FLASH_ProgramOptionByteData
                0x080045bc                FLASH_ProgramHalfWord
                0x080045f8                FLASH_ProgramWord
                0x0800466c                FLASH_EraseOptionBytes
                0x080046f8                FLASH_EraseAllPages
                0x08004738                FLASH_ErasePage
 .text          0x0800477c      0x4f8 dbg/stm32f10x_fsmc.o
                0x0800477c                FSMC_NORSRAMDeInit
                0x080047b4                FSMC_NANDDeInit
                0x080047dc                FSMC_PCCARDDeInit
                0x080047fc                FSMC_NORSRAMInit
                0x080048c4                FSMC_NANDInit
                0x08004934                FSMC_PCCARDInit
                0x080049a4                FSMC_NORSRAMStructInit
                0x08004a14                FSMC_NANDStructInit
                0x08004a50                FSMC_PCCARDStructInit
                0x08004a90                FSMC_NORSRAMCmd
                0x08004abc                FSMC_NANDCmd
                0x08004af0                FSMC_PCCARDCmd
                0x08004b14                FSMC_NANDECCCmd
                0x08004b48                FSMC_GetECC
                0x08004b5c                FSMC_ITConfig
                0x08004bb0                FSMC_GetFlagStatus
                0x08004bdc                FSMC_ClearFlag
                0x08004c0c                FSMC_GetITStatus
                0x08004c44                FSMC_ClearITPendingBit
 .text          0x08004c74      0x318 dbg/stm32f10x_gpio.o
                0x08004c74                GPIO_DeInit
                0x08004d74                GPIO_AFIODeInit
                0x08004d90                GPIO_Init
                0x08004e44                GPIO_StructInit
                0x08004e58                GPIO_ReadInputDataBit
                0x08004e64                GPIO_ReadInputData
                0x08004e6c                GPIO_ReadOutputDataBit
                0x08004e78                GPIO_ReadOutputData
                0x08004e80                GPIO_SetBits
                0x08004e84                GPIO_ResetBits
                0x08004e88                GPIO_WriteBit
                0x08004e94                GPIO_Write
                0x08004e98                GPIO_PinLockConfig
                0x08004ea8                GPIO_EventOutputConfig
                0x08004ec4                GPIO_EventOutputCmd
                0x08004ed0                GPIO_PinRemapConfig
                0x08004f40                GPIO_EXTILineConfig
                0x08004f80                GPIO_ETH_MediaInterfaceConfig
 .text          0x08004f8c      0x474 dbg/stm32f10x_i2c.o
                0x08004f8c                I2C_DeInit
                0x08004fcc                I2C_Init
                0x080050c0                I2C_StructInit
                0x080050e0                I2C_Cmd
                0x08005100                I2C_DMACmd
                0x08005120                I2C_DMALastTransferCmd
                0x08005140                I2C_GenerateSTART
                0x08005160                I2C_GenerateSTOP
                0x08005180                I2C_AcknowledgeConfig
                0x080051a0                I2C_OwnAddress2Config
                0x080051b8                I2C_DualAddressCmd
                0x080051d8                I2C_GeneralCallCmd
                0x080051f8                I2C_ITConfig
                0x08005210                I2C_SendData
                0x08005214                I2C_ReceiveData
                0x0800521c                I2C_Send7bitAddress
                0x0800522c                I2C_ReadRegister
                0x08005248                I2C_SoftwareResetCmd
                0x08005268                I2C_SMBusAlertConfig
                0x0800528c                I2C_TransmitPEC
                0x080052ac                I2C_PECPositionConfig
                0x080052d0                I2C_CalculatePEC
                0x080052f0                I2C_GetPEC
                0x080052f8                I2C_ARPCmd
                0x08005318                I2C_StretchClockCmd
                0x08005338                I2C_FastModeDutyCycleConfig
                0x0800535c                I2C_GetLastEvent
                0x0800536c                I2C_CheckEvent
                0x08005384                I2C_GetFlagStatus
                0x080053c4                I2C_ClearFlag
                0x080053d0                I2C_GetITStatus
                0x080053f4                I2C_ClearITPendingBit
 .text          0x08005400       0x58 dbg/stm32f10x_iwdg.o
                0x08005400                IWDG_WriteAccessCmd
                0x0800540c                IWDG_SetPrescaler
                0x08005418                IWDG_SetReload
                0x08005424                IWDG_ReloadCounter
                0x08005434                IWDG_Enable
                0x08005444                IWDG_GetFlagStatus
 .text          0x08005458       0xcc dbg/stm32f10x_pwr.o
                0x08005458                PWR_DeInit
                0x08005474                PWR_BackupAccessCmd
                0x08005480                PWR_PVDCmd
                0x0800548c                PWR_PVDLevelConfig
                0x080054a0                PWR_WakeUpPinCmd
                0x080054ac                PWR_EnterSTOPMode
                0x080054d8                PWR_EnterSTANDBYMode
                0x08005500                PWR_GetFlagStatus
                0x08005514                PWR_ClearFlag
 .text          0x08005524      0x3a0 dbg/stm32f10x_rcc.o
                0x08005524                RCC_DeInit
                0x08005564                RCC_HSEConfig
                0x080055a0                RCC_AdjustHSICalibrationValue
                0x080055b4                RCC_HSICmd
                0x080055c0                RCC_PLLConfig
                0x080055d4                RCC_PLLCmd
                0x080055e0                RCC_SYSCLKConfig
                0x080055f4                RCC_GetSYSCLKSource
                0x08005604                RCC_HCLKConfig
                0x08005618                RCC_PCLK1Config
                0x0800562c                RCC_PCLK2Config
                0x08005640                RCC_ITConfig
                0x0800565c                RCC_USBCLKConfig
                0x08005668                RCC_ADCCLKConfig
                0x0800567c                RCC_LSEConfig
                0x080056a8                RCC_LSICmd
                0x080056b4                RCC_RTCCLKConfig
                0x080056c4                RCC_RTCCLKCmd
                0x080056d0                RCC_GetClocksFreq
                0x0800577c                RCC_AHBPeriphClockCmd
                0x08005798                RCC_APB2PeriphClockCmd
                0x080057b4                RCC_APB1PeriphClockCmd
                0x080057d0                RCC_APB2PeriphResetCmd
                0x080057ec                RCC_APB1PeriphResetCmd
                0x08005808                RCC_BackupResetCmd
                0x08005814                RCC_ClockSecuritySystemCmd
                0x08005820                RCC_MCOConfig
                0x0800582c                RCC_GetFlagStatus
                0x08005858                RCC_WaitForHSEStartUp
                0x08005894                RCC_ClearFlag
                0x080058a4                RCC_GetITStatus
                0x080058b8                RCC_ClearITPendingBit
 .text          0x080058c4      0x170 dbg/stm32f10x_rtc.o
                0x080058c4                RTC_ITConfig
                0x080058e4                RTC_EnterConfigMode
                0x080058f8                RTC_ExitConfigMode
                0x08005910                RTC_GetCounter
                0x08005924                RTC_SetCounter
                0x08005944                RTC_SetPrescaler
                0x08005964                RTC_SetAlarm
                0x08005984                RTC_GetDivider
                0x0800599c                RTC_WaitForLastTask
                0x080059b0                RTC_WaitForSynchro
                0x080059d4                RTC_GetFlagStatus
                0x080059e8                RTC_ClearFlag
                0x080059fc                RTC_GetITStatus
                0x08005a20                RTC_ClearITPendingBit
 .text          0x08005a34      0x244 dbg/stm32f10x_sdio.o
                0x08005a34                SDIO_DeInit
                0x08005a58                SDIO_Init
                0x08005a88                SDIO_StructInit
                0x08005a9c                SDIO_ClockCmd
                0x08005aa8                SDIO_SetPowerState
                0x08005ac0                SDIO_GetPowerState
                0x08005ad0                SDIO_ITConfig
                0x08005aec                SDIO_DMACmd
                0x08005af8                SDIO_SendCommand
                0x08005b24                SDIO_CmdStructInit
                0x08005b34                SDIO_GetCommandResponse
                0x08005b40                SDIO_GetResponse
                0x08005b5c                SDIO_DataConfig
                0x08005b88                SDIO_DataStructInit
                0x08005ba0                SDIO_GetDataCounter
                0x08005bac                SDIO_ReadData
                0x08005bb8                SDIO_WriteData
                0x08005bc4                SDIO_GetFIFOCount
                0x08005bd0                SDIO_StartSDIOReadWait
                0x08005bdc                SDIO_StopSDIOReadWait
                0x08005be8                SDIO_SetSDIOReadWaitMode
                0x08005bf4                SDIO_SetSDIOOperation
                0x08005c00                SDIO_SendSDIOSuspendCmd
                0x08005c0c                SDIO_CommandCompletionCmd
                0x08005c18                SDIO_CEATAITCmd
                0x08005c2c                SDIO_SendCEATACmd
                0x08005c38                SDIO_GetFlagStatus
                0x08005c4c                SDIO_ClearFlag
                0x08005c58                SDIO_GetITStatus
                0x08005c6c                SDIO_ClearITPendingBit
 .text          0x08005c78      0x37c dbg/stm32f10x_spi.o
                0x08005c78                SPI_I2S_DeInit
                0x08005ce8                SPI_Init
                0x08005d2c                I2S_Init
                0x08005e08                SPI_StructInit
                0x08005e24                I2S_StructInit
                0x08005e3c                SPI_Cmd
                0x08005e5c                I2S_Cmd
                0x08005e7c                SPI_I2S_ITConfig
                0x08005ea4                SPI_I2S_DMACmd
                0x08005ebc                SPI_I2S_SendData
                0x08005ec0                SPI_I2S_ReceiveData
                0x08005ec8                SPI_NSSInternalSoftwareConfig
                0x08005ef0                SPI_SSOutputCmd
                0x08005f10                SPI_DataSizeConfig
                0x08005f2c                SPI_TransmitCRC
                0x08005f38                SPI_CalculateCRC
                0x08005f58                SPI_GetCRC
                0x08005f64                SPI_GetCRCPolynomial
                0x08005f6c                SPI_BiDirectionalLineConfig
                0x08005f90                SPI_I2S_GetFlagStatus
                0x08005f9c                SPI_I2S_ClearFlag
                0x08005fa8                SPI_I2S_GetITStatus
                0x08005fdc                SPI_I2S_ClearITPendingBit
 .text          0x08005ff4      0xc80 dbg/stm32f10x_tim.o
                0x08006084                TIM_DeInit
                0x080061a0                TIM_TimeBaseInit
                0x080061e0                TIM_OC1Init
                0x08006264                TIM_OC2Init
                0x080062fc                TIM_OC3Init
                0x08006390                TIM_OC4Init
                0x0800640c                TIM_BDTRConfig
                0x08006430                TIM_TimeBaseStructInit
                0x08006444                TIM_OCStructInit
                0x0800645c                TIM_ICStructInit
                0x08006470                TIM_BDTRStructInit
                0x08006484                TIM_Cmd
                0x080064a4                TIM_CtrlPWMOutputs
                0x080064cc                TIM_ITConfig
                0x080064e4                TIM_GenerateEvent
                0x080064e8                TIM_DMAConfig
                0x080064f0                TIM_DMACmd
                0x08006508                TIM_InternalClockConfig
                0x0800651c                TIM_ETRConfig
                0x08006534                TIM_ETRClockMode2Config
                0x08006548                TIM_ETRClockMode1Config
                0x08006568                TIM_PrescalerConfig
                0x08006570                TIM_CounterModeConfig
                0x08006584                TIM_SelectInputTrigger
                0x08006598                TIM_TIxExternalClockConfig
                0x080065cc                TIM_ITRxExternalClockConfig
                0x080065e0                TIM_EncoderInterfaceConfig
                0x0800662c                TIM_ForcedOC1Config
                0x08006640                TIM_ForcedOC2Config
                0x08006658                TIM_ForcedOC3Config
                0x0800666c                TIM_ForcedOC4Config
                0x08006684                TIM_ARRPreloadConfig
                0x080066a4                TIM_SelectCOM
                0x080066c4                TIM_SelectCCDMA
                0x080066e4                TIM_CCPreloadControl
                0x08006704                TIM_OC1PreloadConfig
                0x08006718                TIM_OC2PreloadConfig
                0x08006730                TIM_OC3PreloadConfig
                0x08006744                TIM_OC4PreloadConfig
                0x0800675c                TIM_OC1FastConfig
                0x08006770                TIM_OC2FastConfig
                0x08006788                TIM_OC3FastConfig
                0x0800679c                TIM_OC4FastConfig
                0x080067b4                TIM_ClearOC1Ref
                0x080067c8                TIM_ClearOC2Ref
                0x080067dc                TIM_ClearOC3Ref
                0x080067f0                TIM_ClearOC4Ref
                0x08006804                TIM_OC1PolarityConfig
                0x08006818                TIM_OC1NPolarityConfig
                0x0800682c                TIM_OC2PolarityConfig
                0x08006844                TIM_OC2NPolarityConfig
                0x0800685c                TIM_OC3PolarityConfig
                0x08006874                TIM_OC3NPolarityConfig
                0x0800688c                TIM_OC4PolarityConfig
                0x080068a4                TIM_CCxCmd
                0x080068c8                TIM_CCxNCmd
                0x080068ec                TIM_SelectOCxM
                0x08006944                TIM_UpdateDisableConfig
                0x08006964                TIM_UpdateRequestConfig
                0x08006984                TIM_SelectHallSensor
                0x080069a4                TIM_SelectOnePulseMode
                0x080069c0                TIM_SelectOutputTrigger
                0x080069dc                TIM_SelectSlaveMode
                0x080069f8                TIM_SelectMasterSlaveMode
                0x08006a14                TIM_SetCounter
                0x08006a18                TIM_SetAutoreload
                0x08006a1c                TIM_SetCompare1
                0x08006a20                TIM_SetCompare2
                0x08006a24                TIM_SetCompare3
                0x08006a28                TIM_SetCompare4
                0x08006a30                TIM_SetIC1Prescaler
                0x08006a4c                TIM_SetIC2Prescaler
                0x08006a6c                TIM_PWMIConfig
                0x08006ad8                TIM_SetIC3Prescaler
                0x08006af4                TIM_SetIC4Prescaler
                0x08006b14                TIM_ICInit
                0x08006bf4                TIM_SetClockDivision
                0x08006c04                TIM_GetCapture1
                0x08006c0c                TIM_GetCapture2
                0x08006c14                TIM_GetCapture3
                0x08006c1c                TIM_GetCapture4
                0x08006c24                TIM_GetCounter
                0x08006c2c                TIM_GetPrescaler
                0x08006c34                TIM_GetFlagStatus
                0x08006c40                TIM_ClearFlag
                0x08006c4c                TIM_GetITStatus
                0x08006c68                TIM_ClearITPendingBit
 .text          0x08006c74      0x428 dbg/stm32f10x_usart.o
                0x08006c74                USART_DeInit
                0x08006d2c                USART_Init
                0x08006dd8                USART_StructInit
                0x08006df4                USART_ClockInit
                0x08006e1c                USART_ClockStructInit
                0x08006e2c                USART_Cmd
                0x08006e4c                USART_ITConfig
                0x08006e88                USART_DMACmd
                0x08006ea0                USART_SetAddress
                0x08006ebc                USART_WakeUpConfig
                0x08006ed8                USART_ReceiverWakeUpCmd
                0x08006ef8                USART_LINBreakDetectLengthConfig
                0x08006f14                USART_LINCmd
                0x08006f34                USART_SendData
                0x08006f40                USART_ReceiveData
                0x08006f4c                USART_SendBreak
                0x08006f58                USART_SetGuardTime
                0x08006f6c                USART_SetPrescaler
                0x08006f80                USART_SmartCardCmd
                0x08006fa0                USART_SmartCardNACKCmd
                0x08006fc0                USART_HalfDuplexCmd
                0x08006fe0                USART_IrDAConfig
                0x08006ffc                USART_IrDACmd
                0x0800701c                USART_GetFlagStatus
                0x08007028                USART_ClearFlag
                0x08007034                USART_GetITStatus
                0x08007084                USART_ClearITPendingBit
 .text          0x0800709c       0xa4 dbg/stm32f10x_wwdg.o
                0x0800709c                WWDG_DeInit
                0x080070b8                WWDG_SetPrescaler
                0x080070cc                WWDG_SetWindowValue
                0x080070f4                WWDG_EnableIT
                0x08007104                WWDG_SetCounter
                0x08007114                WWDG_Enable
                0x08007124                WWDG_GetFlagStatus
                0x08007130                WWDG_ClearFlag
 .text          0x08007140        0x8 /home/orhan/qp/qpc/ports/arm-cortex/qk/gnu/dbg/libqp_cortex-m3_cs.a(qhsm_top.o)
                0x08007140                QHsm_top
 .text          0x08007148       0xa8 /home/orhan/qp/qpc/ports/arm-cortex/qk/gnu/dbg/libqp_cortex-m3_cs.a(qa_fifo.o)
                0x08007148                QActive_postFIFO
 .text          0x080071f0       0x88 /home/orhan/qp/qpc/ports/arm-cortex/qk/gnu/dbg/libqp_cortex-m3_cs.a(qf_new.o)
                0x080071f0                QF_new_
 .text          0x08007278       0x88 /home/orhan/qp/qpc/ports/arm-cortex/qk/gnu/dbg/libqp_cortex-m3_cs.a(qf_pool.o)
                0x08007278                QF_poolInit
 .text          0x08007300        0x0 /home/orhan/qp/qpc/ports/arm-cortex/qk/gnu/dbg/libqp_cortex-m3_cs.a(qf_pwr2.o)
 .text          0x08007300       0xa8 /home/orhan/qp/qpc/ports/arm-cortex/qk/gnu/dbg/libqp_cortex-m3_cs.a(qf_tick.o)
                0x08007300                QF_tick
 .text          0x080073a8       0x7c /home/orhan/qp/qpc/ports/arm-cortex/qk/gnu/dbg/libqp_cortex-m3_cs.a(qmp_get.o)
                0x080073a8                QMPool_get
                0x080073e4                QF_getPoolMargin
 .text          0x08007424       0xc4 /home/orhan/qp/qpc/ports/arm-cortex/qk/gnu/dbg/libqp_cortex-m3_cs.a(qmp_init.o)
                0x08007424                QMPool_init
 .text          0x080074e8       0x30 /home/orhan/qp/qpc/ports/arm-cortex/qk/gnu/dbg/libqp_cortex-m3_cs.a(qte_ctor.o)
                0x080074e8                QTimeEvt_ctor
 .text          0x08007518       0x70 /home/orhan/qp/qpc/ports/arm-cortex/qk/gnu/dbg/libqp_cortex-m3_cs.a(qte_arm.o)
                0x08007518                QTimeEvt_arm_
                0x08007574                QF_noTimeEvtsActive
 .text          0x08007588       0xb0 /home/orhan/qp/qpc/ports/arm-cortex/qk/gnu/dbg/libqp_cortex-m3_cs.a(qk.o)
                0x08007588                QK_getVersion
                0x08007590                QF_init
                0x08007598                QF_stop
                0x080075a0                QF_run
                0x080075c8                QActive_start
                0x08007630                QActive_stop
 .text          0x08007638       0xe8 /home/orhan/qp/qpc/ports/arm-cortex/qk/gnu/dbg/libqp_cortex-m3_cs.a(qk_sched.o)
                0x08007638                QK_schedPrio_
                0x08007698                QK_sched_
 .text          0x08007720       0x4c /home/orhan/qp/qpc/ports/arm-cortex/qk/gnu/dbg/libqp_cortex-m3_cs.a(qk_mutex.o)
                0x08007720                QK_mutexLock
                0x08007740                QK_mutexUnlock
 .text          0x0800776c       0xe4 /home/orhan/qp/qpc/ports/arm-cortex/qk/gnu/dbg/libqp_cortex-m3_cs.a(qhsm_ini.o)
                0x0800776c                QHsm_init
 .text          0x08007850      0x294 /home/orhan/qp/qpc/ports/arm-cortex/qk/gnu/dbg/libqp_cortex-m3_cs.a(qhsm_dis.o)
                0x08007850                QHsm_dispatch
 .text          0x08007ae4       0xdc /home/orhan/qp/qpc/ports/arm-cortex/qk/gnu/dbg/libqp_cortex-m3_cs.a(qa_get_.o)
                0x08007ae4                QActive_get_
                0x08007b84                QF_getQueueMargin
 .text          0x08007bc0       0x14 /home/orhan/qp/qpc/ports/arm-cortex/qk/gnu/dbg/libqp_cortex-m3_cs.a(qeq_init.o)
                0x08007bc0                QEQueue_init
 .text          0x08007bd4       0x90 /home/orhan/qp/qpc/ports/arm-cortex/qk/gnu/dbg/libqp_cortex-m3_cs.a(qf_act.o)
                0x08007bd4                QF_getVersion
                0x08007be0                QF_add_
                0x08007c20                QF_remove_
 .text          0x08007c64       0x58 /home/orhan/qp/qpc/ports/arm-cortex/qk/gnu/dbg/libqp_cortex-m3_cs.a(qf_gc.o)
                0x08007c64                QF_gc
 .text          0x08007cbc        0x0 /home/orhan/qp/qpc/ports/arm-cortex/qk/gnu/dbg/libqp_cortex-m3_cs.a(qf_log2.o)
 .text          0x08007cbc       0x50 /home/orhan/qp/qpc/ports/arm-cortex/qk/gnu/dbg/libqp_cortex-m3_cs.a(qmp_put.o)
                0x08007cbc                QMPool_put
 .text          0x08007d0c        0x0 /home/orhan/qp/qpc/ports/arm-cortex/qk/gnu/dbg/libqp_cortex-m3_cs.a(qk_port.o)
 .text          0x08007d0c        0xc /home/orhan/qp/qpc/ports/arm-cortex/qk/gnu/dbg/libqp_cortex-m3_cs.a(qep.o)
                0x08007d0c                QEP_getVersion
 .text          0x08007d18       0xc0 /home/orhan/CodeSourcery/Sourcery_CodeBench_Lite_for_ARM_EABI/bin/../lib/gcc/arm-none-eabi/4.7.2/../../../../arm-none-eabi/lib/thumb2/libc.a(lib_a-fwrite.o)
                0x08007d18                _fwrite_r
                0x08007db4                fwrite
 .text          0x08007dd8        0x0 /home/orhan/CodeSourcery/Sourcery_CodeBench_Lite_for_ARM_EABI/bin/../lib/gcc/arm-none-eabi/4.7.2/../../../../arm-none-eabi/lib/thumb2/libc.a(lib_a-impure.o)
 .text          0x08007dd8       0x58 /home/orhan/CodeSourcery/Sourcery_CodeBench_Lite_for_ARM_EABI/bin/../lib/gcc/arm-none-eabi/4.7.2/../../../../arm-none-eabi/lib/thumb2/libc.a(lib_a-init.o)
                0x08007dd8                __libc_init_array
 .text          0x08007e30       0x64 /home/orhan/CodeSourcery/Sourcery_CodeBench_Lite_for_ARM_EABI/bin/../lib/gcc/arm-none-eabi/4.7.2/../../../../arm-none-eabi/lib/thumb2/libc.a(lib_a-printf.o)
                0x08007e30                _printf_r
                0x08007e5c                printf
 .text          0x08007e94       0x88 /home/orhan/CodeSourcery/Sourcery_CodeBench_Lite_for_ARM_EABI/bin/../lib/gcc/arm-none-eabi/4.7.2/../../../../arm-none-eabi/lib/thumb2/libc.a(lib_a-puts.o)
                0x08007e94                _puts_r
                0x08007f0c                puts
 .text          0x08007f1c       0x10 /home/orhan/CodeSourcery/Sourcery_CodeBench_Lite_for_ARM_EABI/bin/../lib/gcc/arm-none-eabi/4.7.2/../../../../arm-none-eabi/lib/thumb2/libc.a(lib_a-setbuf.o)
                0x08007f1c                setbuf
 .text          0x08007f2c      0x150 /home/orhan/CodeSourcery/Sourcery_CodeBench_Lite_for_ARM_EABI/bin/../lib/gcc/arm-none-eabi/4.7.2/../../../../arm-none-eabi/lib/thumb2/libc.a(lib_a-setvbuf.o)
                0x08007f2c                setvbuf
 .text          0x0800807c      0x1dc /home/orhan/CodeSourcery/Sourcery_CodeBench_Lite_for_ARM_EABI/bin/../lib/gcc/arm-none-eabi/4.7.2/../../../../arm-none-eabi/lib/thumb2/libc.a(lib_a-strcmp.o)
                0x0800807c                strcmp
 .text          0x08008258       0x60 /home/orhan/CodeSourcery/Sourcery_CodeBench_Lite_for_ARM_EABI/bin/../lib/gcc/arm-none-eabi/4.7.2/../../../../arm-none-eabi/lib/thumb2/libc.a(lib_a-strlen.o)
                0x08008258                strlen
 .text          0x080082b8       0x1c /home/orhan/CodeSourcery/Sourcery_CodeBench_Lite_for_ARM_EABI/bin/../lib/gcc/arm-none-eabi/4.7.2/../../../../arm-none-eabi/lib/thumb2/libc.a(lib_a-sysread.o)
                0x080082b8                read
 .text          0x080082d4       0x1c /home/orhan/CodeSourcery/Sourcery_CodeBench_Lite_for_ARM_EABI/bin/../lib/gcc/arm-none-eabi/4.7.2/../../../../arm-none-eabi/lib/thumb2/libc.a(lib_a-syswrite.o)
                0x080082d4                write
 .text          0x080082f0     0x1734 /home/orhan/CodeSourcery/Sourcery_CodeBench_Lite_for_ARM_EABI/bin/../lib/gcc/arm-none-eabi/4.7.2/../../../../arm-none-eabi/lib/thumb2/libc.a(lib_a-vfprintf.o)
                0x080082f0                _vfprintf_r
                0x08009a08                vfprintf
 .text          0x08009a24       0x2c /home/orhan/CodeSourcery/Sourcery_CodeBench_Lite_for_ARM_EABI/bin/../lib/gcc/arm-none-eabi/4.7.2/../../../../arm-none-eabi/lib/thumb2/libc.a(lib_a-writer.o)
                0x08009a24                _write_r
 .text          0x08009a50      0x104 /home/orhan/CodeSourcery/Sourcery_CodeBench_Lite_for_ARM_EABI/bin/../lib/gcc/arm-none-eabi/4.7.2/../../../../arm-none-eabi/lib/thumb2/libc.a(lib_a-wsetup.o)
                0x08009a50                __swsetup_r
 *fill*         0x08009b54        0x4 
 .text          0x08009b58     0x1068 /home/orhan/CodeSourcery/Sourcery_CodeBench_Lite_for_ARM_EABI/bin/../lib/gcc/arm-none-eabi/4.7.2/../../../../arm-none-eabi/lib/thumb2/libc.a(lib_a-dtoa.o)
                0x08009c90                _dtoa_r
 .text          0x0800abc0      0x1c0 /home/orhan/CodeSourcery/Sourcery_CodeBench_Lite_for_ARM_EABI/bin/../lib/gcc/arm-none-eabi/4.7.2/../../../../arm-none-eabi/lib/thumb2/libc.a(lib_a-fflush.o)
                0x0800abc0                _fflush_r
                0x0800ad58                fflush
 .text          0x0800ad80      0x1c8 /home/orhan/CodeSourcery/Sourcery_CodeBench_Lite_for_ARM_EABI/bin/../lib/gcc/arm-none-eabi/4.7.2/../../../../arm-none-eabi/lib/thumb2/libc.a(lib_a-findfp.o)
                0x0800ad88                _cleanup_r
                0x0800ade4                __sfmoreglue
                0x0800ae14                _cleanup
                0x0800ae24                __sinit
                0x0800ae80                __sfp
                0x0800af08                __sfp_lock_acquire
                0x0800af0c                __sfp_lock_release
                0x0800af10                __sinit_lock_acquire
                0x0800af14                __sinit_lock_release
                0x0800af18                __fp_lock_all
                0x0800af30                __fp_unlock_all
 .text          0x0800af48      0x238 /home/orhan/CodeSourcery/Sourcery_CodeBench_Lite_for_ARM_EABI/bin/../lib/gcc/arm-none-eabi/4.7.2/../../../../arm-none-eabi/lib/thumb2/libc.a(lib_a-freer.o)
                0x0800af48                _malloc_trim_r
                0x0800afec                _free_r
 .text          0x0800b180      0x31c /home/orhan/CodeSourcery/Sourcery_CodeBench_Lite_for_ARM_EABI/bin/../lib/gcc/arm-none-eabi/4.7.2/../../../../arm-none-eabi/lib/thumb2/libc.a(lib_a-fvwrite.o)
                0x0800b180                __sfvwrite_r
 .text          0x0800b49c       0xa0 /home/orhan/CodeSourcery/Sourcery_CodeBench_Lite_for_ARM_EABI/bin/../lib/gcc/arm-none-eabi/4.7.2/../../../../arm-none-eabi/lib/thumb2/libc.a(lib_a-fwalk.o)
                0x0800b49c                _fwalk
                0x0800b4e8                _fwalk_reent
 .text          0x0800b53c       0x9c /home/orhan/CodeSourcery/Sourcery_CodeBench_Lite_for_ARM_EABI/bin/../lib/gcc/arm-none-eabi/4.7.2/../../../../arm-none-eabi/lib/thumb2/libc.a(lib_a-locale.o)
                0x0800b53c                _setlocale_r
                0x0800b590                __locale_charset
                0x0800b59c                __locale_mb_cur_max
                0x0800b5a8                __locale_msgcharset
                0x0800b5b0                __locale_cjk_lang
                0x0800b5b4                _localeconv_r
                0x0800b5bc                setlocale
                0x0800b5d0                localeconv
 .text          0x0800b5d8       0xf0 /home/orhan/CodeSourcery/Sourcery_CodeBench_Lite_for_ARM_EABI/bin/../lib/gcc/arm-none-eabi/4.7.2/../../../../arm-none-eabi/lib/thumb2/libc.a(lib_a-makebuf.o)
                0x0800b5d8                __smakebuf_r
 .text          0x0800b6c8       0x20 /home/orhan/CodeSourcery/Sourcery_CodeBench_Lite_for_ARM_EABI/bin/../lib/gcc/arm-none-eabi/4.7.2/../../../../arm-none-eabi/lib/thumb2/libc.a(lib_a-malloc.o)
                0x0800b6c8                malloc
                0x0800b6d8                free
 .text          0x0800b6e8      0x598 /home/orhan/CodeSourcery/Sourcery_CodeBench_Lite_for_ARM_EABI/bin/../lib/gcc/arm-none-eabi/4.7.2/../../../../arm-none-eabi/lib/thumb2/libc.a(lib_a-mallocr.o)
                0x0800b6e8                _malloc_r
 .text          0x0800bc80       0x94 /home/orhan/CodeSourcery/Sourcery_CodeBench_Lite_for_ARM_EABI/bin/../lib/gcc/arm-none-eabi/4.7.2/../../../../arm-none-eabi/lib/thumb2/libc.a(lib_a-memchr.o)
                0x0800bc80                memchr
 .text          0x0800bd14      0x174 /home/orhan/CodeSourcery/Sourcery_CodeBench_Lite_for_ARM_EABI/bin/../lib/gcc/arm-none-eabi/4.7.2/../../../../arm-none-eabi/lib/thumb2/libc.a(lib_a-memcpy.o)
                0x0800bd14                memcpy
 .text          0x0800be88       0xcc /home/orhan/CodeSourcery/Sourcery_CodeBench_Lite_for_ARM_EABI/bin/../lib/gcc/arm-none-eabi/4.7.2/../../../../arm-none-eabi/lib/thumb2/libc.a(lib_a-memmove.o)
                0x0800be88                memmove
 .text          0x0800bf54       0xcc /home/orhan/CodeSourcery/Sourcery_CodeBench_Lite_for_ARM_EABI/bin/../lib/gcc/arm-none-eabi/4.7.2/../../../../arm-none-eabi/lib/thumb2/libc.a(lib_a-memset.o)
                0x0800bf54                memset
 .text          0x0800c020        0x8 /home/orhan/CodeSourcery/Sourcery_CodeBench_Lite_for_ARM_EABI/bin/../lib/gcc/arm-none-eabi/4.7.2/../../../../arm-none-eabi/lib/thumb2/libc.a(lib_a-mlock.o)
                0x0800c020                __malloc_lock
                0x0800c024                __malloc_unlock
 .text          0x0800c028      0x910 /home/orhan/CodeSourcery/Sourcery_CodeBench_Lite_for_ARM_EABI/bin/../lib/gcc/arm-none-eabi/4.7.2/../../../../arm-none-eabi/lib/thumb2/libc.a(lib_a-mprec.o)
                0x0800c028                _Balloc
                0x0800c094                _Bfree
                0x0800c0cc                __multadd
                0x0800c154                __s2b
                0x0800c1ec                __hi0bits
                0x0800c228                __lo0bits
                0x0800c284                __i2b
                0x0800c298                __multiply
                0x0800c3d4                __pow5mult
                0x0800c478                __lshift
                0x0800c52c                __mcmp
                0x0800c568                __mdiff
                0x0800c654                __ulp
                0x0800c698                __b2d
                0x0800c748                __d2b
                0x0800c804                __ratio
                0x0800c864                _mprec_log10
                0x0800c898                __copybits
                0x0800c8e0                __any_on
 .text          0x0800c938       0x2c /home/orhan/CodeSourcery/Sourcery_CodeBench_Lite_for_ARM_EABI/bin/../lib/gcc/arm-none-eabi/4.7.2/../../../../arm-none-eabi/lib/thumb2/libc.a(lib_a-readr.o)
                0x0800c938                _read_r
 .text          0x0800c964      0x3cc /home/orhan/CodeSourcery/Sourcery_CodeBench_Lite_for_ARM_EABI/bin/../lib/gcc/arm-none-eabi/4.7.2/../../../../arm-none-eabi/lib/thumb2/libc.a(lib_a-reallocr.o)
                0x0800c964                _realloc_r
 .text          0x0800cd30       0x50 /home/orhan/CodeSourcery/Sourcery_CodeBench_Lite_for_ARM_EABI/bin/../lib/gcc/arm-none-eabi/4.7.2/../../../../arm-none-eabi/lib/thumb2/libc.a(lib_a-s_fpclassify.o)
                0x0800cd30                __fpclassifyd
 .text          0x0800cd80       0x28 /home/orhan/CodeSourcery/Sourcery_CodeBench_Lite_for_ARM_EABI/bin/../lib/gcc/arm-none-eabi/4.7.2/../../../../arm-none-eabi/lib/thumb2/libc.a(lib_a-sbrkr.o)
                0x0800cd80                _sbrk_r
 .text          0x0800cda8       0x8c /home/orhan/CodeSourcery/Sourcery_CodeBench_Lite_for_ARM_EABI/bin/../lib/gcc/arm-none-eabi/4.7.2/../../../../arm-none-eabi/lib/thumb2/libc.a(lib_a-stdio.o)
                0x0800cda8                __sread
                0x0800cdcc                __seofread
                0x0800cdd0                __swrite
                0x0800ce0c                __sseek
                0x0800ce2c                __sclose
 .text          0x0800ce34      0xd10 /home/orhan/CodeSourcery/Sourcery_CodeBench_Lite_for_ARM_EABI/bin/../lib/gcc/arm-none-eabi/4.7.2/../../../../arm-none-eabi/lib/thumb2/libc.a(lib_a-vfiprintf.o)
                0x0800ce34                __sprint_r
                0x0800ceb0                _vfiprintf_r
                0x0800db28                vfiprintf
 .text          0x0800db44       0x60 /home/orhan/CodeSourcery/Sourcery_CodeBench_Lite_for_ARM_EABI/bin/../lib/gcc/arm-none-eabi/4.7.2/../../../../arm-none-eabi/lib/thumb2/libc.a(lib_a-callocr.o)
                0x0800db44                _calloc_r
 .text          0x0800dba4       0x28 /home/orhan/CodeSourcery/Sourcery_CodeBench_Lite_for_ARM_EABI/bin/../lib/gcc/arm-none-eabi/4.7.2/../../../../arm-none-eabi/lib/thumb2/libc.a(lib_a-closer.o)
                0x0800dba4                _close_r
 .text          0x0800dbcc       0xc8 /home/orhan/CodeSourcery/Sourcery_CodeBench_Lite_for_ARM_EABI/bin/../lib/gcc/arm-none-eabi/4.7.2/../../../../arm-none-eabi/lib/thumb2/libc.a(lib_a-fclose.o)
                0x0800dbcc                _fclose_r
                0x0800dc84                fclose
 .text          0x0800dc94      0x12c /home/orhan/CodeSourcery/Sourcery_CodeBench_Lite_for_ARM_EABI/bin/../lib/gcc/arm-none-eabi/4.7.2/../../../../arm-none-eabi/lib/thumb2/libc.a(lib_a-fputwc.o)
                0x0800dc94                _fputwc_r
                0x0800dd68                fputwc
 .text          0x0800ddc0       0x28 /home/orhan/CodeSourcery/Sourcery_CodeBench_Lite_for_ARM_EABI/bin/../lib/gcc/arm-none-eabi/4.7.2/../../../../arm-none-eabi/lib/thumb2/libc.a(lib_a-fstatr.o)
                0x0800ddc0                _fstat_r
 .text          0x0800dde8       0x28 /home/orhan/CodeSourcery/Sourcery_CodeBench_Lite_for_ARM_EABI/bin/../lib/gcc/arm-none-eabi/4.7.2/../../../../arm-none-eabi/lib/thumb2/libc.a(lib_a-isattyr.o)
                0x0800dde8                _isatty_r
 .text          0x0800de10       0x2c /home/orhan/CodeSourcery/Sourcery_CodeBench_Lite_for_ARM_EABI/bin/../lib/gcc/arm-none-eabi/4.7.2/../../../../arm-none-eabi/lib/thumb2/libc.a(lib_a-lseekr.o)
                0x0800de10                _lseek_r
 .text          0x0800de3c      0x100 /home/orhan/CodeSourcery/Sourcery_CodeBench_Lite_for_ARM_EABI/bin/../lib/gcc/arm-none-eabi/4.7.2/../../../../arm-none-eabi/lib/thumb2/libc.a(lib_a-wbuf.o)
                0x0800de3c                __swbuf_r
                0x0800df28                __swbuf
 .text          0x0800df3c       0xbc /home/orhan/CodeSourcery/Sourcery_CodeBench_Lite_for_ARM_EABI/bin/../lib/gcc/arm-none-eabi/4.7.2/../../../../arm-none-eabi/lib/thumb2/libc.a(lib_a-wcrtomb.o)
                0x0800df3c                _wcrtomb_r
                0x0800df94                wcrtomb
 .text          0x0800dff8       0x48 /home/orhan/CodeSourcery/Sourcery_CodeBench_Lite_for_ARM_EABI/bin/../lib/gcc/arm-none-eabi/4.7.2/../../../../arm-none-eabi/lib/thumb2/libc.a(lib_a-wctomb_r.o)
                0x0800dff8                __ascii_wctomb
                0x0800e010                _wctomb_r
 .text          0x0800e040      0x278 /home/orhan/CodeSourcery/Sourcery_CodeBench_Lite_for_ARM_EABI/bin/../lib/gcc/arm-none-eabi/4.7.2/thumb2/libgcc.a(_udivsi3.o)
                0x0800e040                __udivsi3
                0x0800e040                __aeabi_uidiv
                0x0800e29c                __aeabi_uidivmod
 .text          0x0800e2b8        0x4 /home/orhan/CodeSourcery/Sourcery_CodeBench_Lite_for_ARM_EABI/bin/../lib/gcc/arm-none-eabi/4.7.2/thumb2/libgcc.a(_dvmd_tls.o)
                0x0800e2b8                __aeabi_ldiv0
                0x0800e2b8                __aeabi_idiv0
 .text          0x0800e2bc      0x370 /home/orhan/CodeSourcery/Sourcery_CodeBench_Lite_for_ARM_EABI/bin/../lib/gcc/arm-none-eabi/4.7.2/thumb2/libgcc.a(_arm_addsubdf3.o)
                0x0800e2bc                __aeabi_drsub
                0x0800e2c4                __aeabi_dsub
                0x0800e2c4                __subdf3
                0x0800e2c8                __adddf3
                0x0800e2c8                __aeabi_dadd
                0x0800e540                __aeabi_ui2d
                0x0800e540                __floatunsidf
                0x0800e560                __floatsidf
                0x0800e560                __aeabi_i2d
                0x0800e584                __extendsfdf2
                0x0800e584                __aeabi_f2d
                0x0800e5c0                __aeabi_ul2d
                0x0800e5c0                __floatundidf
                0x0800e5d0                __floatdidf
                0x0800e5d0                __aeabi_l2d
 .text          0x0800e62c      0x424 /home/orhan/CodeSourcery/Sourcery_CodeBench_Lite_for_ARM_EABI/bin/../lib/gcc/arm-none-eabi/4.7.2/thumb2/libgcc.a(_arm_muldivdf3.o)
                0x0800e62c                __aeabi_dmul
                0x0800e62c                __muldf3
                0x0800e880                __aeabi_ddiv
                0x0800e880                __divdf3
 .text          0x0800ea50      0x110 /home/orhan/CodeSourcery/Sourcery_CodeBench_Lite_for_ARM_EABI/bin/../lib/gcc/arm-none-eabi/4.7.2/thumb2/libgcc.a(_arm_cmpdf2.o)
                0x0800ea50                __gtdf2
                0x0800ea50                __gedf2
                0x0800ea58                __ltdf2
                0x0800ea58                __ledf2
                0x0800ea60                __cmpdf2
                0x0800ea60                __eqdf2
                0x0800ea60                __nedf2
                0x0800eadc                __aeabi_cdrcmple
                0x0800eaec                __aeabi_cdcmple
                0x0800eaec                __aeabi_cdcmpeq
                0x0800eafc                __aeabi_dcmpeq
                0x0800eb10                __aeabi_dcmplt
                0x0800eb24                __aeabi_dcmple
                0x0800eb38                __aeabi_dcmpge
                0x0800eb4c                __aeabi_dcmpgt
 .text          0x0800eb60       0x50 /home/orhan/CodeSourcery/Sourcery_CodeBench_Lite_for_ARM_EABI/bin/../lib/gcc/arm-none-eabi/4.7.2/thumb2/libgcc.a(_arm_fixdfsi.o)
                0x0800eb60                __fixdfsi
                0x0800eb60                __aeabi_d2iz
 .text          0x0800ebb0       0x40 /home/orhan/CodeSourcery/Sourcery_CodeBench_Lite_for_ARM_EABI/bin/../lib/gcc/arm-none-eabi/4.7.2/thumb2/libgcc.a(_arm_fixunsdfsi.o)
                0x0800ebb0                __fixunsdfsi
                0x0800ebb0                __aeabi_d2uiz
 .text          0x0800ebf0       0x2c /home/orhan/CodeSourcery/Sourcery_CodeBench_Lite_for_ARM_EABI/bin/../lib/gcc/arm-none-eabi/4.7.2/thumb2/libgcc.a(_aeabi_uldivmod.o)
                0x0800ebf0                __aeabi_uldivmod
 .text          0x0800ec1c       0x60 /home/orhan/CodeSourcery/Sourcery_CodeBench_Lite_for_ARM_EABI/bin/../lib/gcc/arm-none-eabi/4.7.2/thumb2/libgcc.a(bpabi.o)
                0x0800ec1c                __gnu_ldivmod_helper
                0x0800ec4c                __gnu_uldivmod_helper
 .text          0x0800ec7c      0x36c /home/orhan/CodeSourcery/Sourcery_CodeBench_Lite_for_ARM_EABI/bin/../lib/gcc/arm-none-eabi/4.7.2/thumb2/libgcc.a(_divdi3.o)
                0x0800ec7c                __divdi3
 .text          0x0800efe8      0x314 /home/orhan/CodeSourcery/Sourcery_CodeBench_Lite_for_ARM_EABI/bin/../lib/gcc/arm-none-eabi/4.7.2/thumb2/libgcc.a(_udivdi3.o)
                0x0800efe8                __udivdi3
 *(.text*)
 .text.QK_init  0x0800f2fc       0x24 /home/orhan/qp/qpc/ports/arm-cortex/qk/gnu/dbg/libqp_cortex-m3_cs.a(qk_port.o)
                0x0800f2fc                QK_init
 .text.PendSV_Handler
                0x0800f320       0x34 /home/orhan/qp/qpc/ports/arm-cortex/qk/gnu/dbg/libqp_cortex-m3_cs.a(qk_port.o)
                0x0800f320                PendSV_Handler
 .text.SVC_Handler
                0x0800f354        0x4 /home/orhan/qp/qpc/ports/arm-cortex/qk/gnu/dbg/libqp_cortex-m3_cs.a(qk_port.o)
                0x0800f354                SVC_Handler
 *(.rodata)
 .rodata        0x0800f358       0x18 dbg/bsp.o
 .rodata        0x0800f370        0x4 dbg/lpj.o
                0x0800f370                AO_LPJ
 .rodata        0x0800f374       0x14 dbg/system_stm32f10x.o
                0x0800f374                SystemFrequency_APB2Clk
                0x0800f378                SystemFrequency_APB1Clk
                0x0800f37c                SystemFrequency_AHBClk
                0x0800f380                SystemFrequency_SysClk
                0x0800f384                SystemFrequency
 .rodata        0x0800f388       0x5c dbg/stm32_eval.o
                0x0800f388                GPIO_CLK
                0x0800f398                GPIO_PIN
                0x0800f3a0                BUTTON_CLK
                0x0800f3ac                BUTTON_PIN
                0x0800f3b4                BUTTON_PORT_SOURCE
                0x0800f3bc                BUTTON_PIN_SOURCE
                0x0800f3c4                BUTTON_EXTI_LINE
                0x0800f3cc                BUTTON_IRQn
                0x0800f3d4                COM_RX_PIN
                0x0800f3d8                COM_TX_PIN
                0x0800f3dc                COM_POR_CLK
                0x0800f3e0                COM_USART_CLK
 .rodata        0x0800f3e4     0x11d0 dbg/stm3210c_eval_lcd.o
                0x0800f3e4                ASCII_Table
 .rodata        0x080105b4        0x8 /home/orhan/qp/qpc/ports/arm-cortex/qk/gnu/dbg/libqp_cortex-m3_cs.a(qa_fifo.o)
 .rodata        0x080105bc        0x8 /home/orhan/qp/qpc/ports/arm-cortex/qk/gnu/dbg/libqp_cortex-m3_cs.a(qf_new.o)
 .rodata        0x080105c4        0x8 /home/orhan/qp/qpc/ports/arm-cortex/qk/gnu/dbg/libqp_cortex-m3_cs.a(qf_pool.o)
 .rodata        0x080105cc       0xcc /home/orhan/qp/qpc/ports/arm-cortex/qk/gnu/dbg/libqp_cortex-m3_cs.a(qf_pwr2.o)
                0x080105cc                QF_div8Lkup
                0x08010610                QF_invPwr2Lkup
                0x08010654                QF_pwr2Lkup
 .rodata        0x08010698        0x8 /home/orhan/qp/qpc/ports/arm-cortex/qk/gnu/dbg/libqp_cortex-m3_cs.a(qf_tick.o)
 .rodata        0x080106a0        0x8 /home/orhan/qp/qpc/ports/arm-cortex/qk/gnu/dbg/libqp_cortex-m3_cs.a(qmp_get.o)
 .rodata        0x080106a8        0xc /home/orhan/qp/qpc/ports/arm-cortex/qk/gnu/dbg/libqp_cortex-m3_cs.a(qmp_init.o)
 .rodata        0x080106b4        0xc /home/orhan/qp/qpc/ports/arm-cortex/qk/gnu/dbg/libqp_cortex-m3_cs.a(qte_ctor.o)
 .rodata        0x080106c0        0x8 /home/orhan/qp/qpc/ports/arm-cortex/qk/gnu/dbg/libqp_cortex-m3_cs.a(qte_arm.o)
 .rodata        0x080106c8        0x4 /home/orhan/qp/qpc/ports/arm-cortex/qk/gnu/dbg/libqp_cortex-m3_cs.a(qk.o)
 .rodata        0x080106cc        0xc /home/orhan/qp/qpc/ports/arm-cortex/qk/gnu/dbg/libqp_cortex-m3_cs.a(qhsm_ini.o)
 .rodata        0x080106d8        0xc /home/orhan/qp/qpc/ports/arm-cortex/qk/gnu/dbg/libqp_cortex-m3_cs.a(qhsm_dis.o)
 .rodata        0x080106e4        0x8 /home/orhan/qp/qpc/ports/arm-cortex/qk/gnu/dbg/libqp_cortex-m3_cs.a(qa_get_.o)
 .rodata        0x080106ec       0x10 /home/orhan/qp/qpc/ports/arm-cortex/qk/gnu/dbg/libqp_cortex-m3_cs.a(qf_act.o)
 .rodata        0x080106fc        0x8 /home/orhan/qp/qpc/ports/arm-cortex/qk/gnu/dbg/libqp_cortex-m3_cs.a(qf_gc.o)
 .rodata        0x08010704      0x100 /home/orhan/qp/qpc/ports/arm-cortex/qk/gnu/dbg/libqp_cortex-m3_cs.a(qf_log2.o)
                0x08010704                QF_log2Lkup
 .rodata        0x08010804        0x8 /home/orhan/qp/qpc/ports/arm-cortex/qk/gnu/dbg/libqp_cortex-m3_cs.a(qmp_put.o)
 .rodata        0x0801080c       0x18 /home/orhan/qp/qpc/ports/arm-cortex/qk/gnu/dbg/libqp_cortex-m3_cs.a(qep.o)
                0x08010814                QEP_reservedEvt_
 .rodata        0x08010824        0x4 /home/orhan/CodeSourcery/Sourcery_CodeBench_Lite_for_ARM_EABI/bin/../lib/gcc/arm-none-eabi/4.7.2/../../../../arm-none-eabi/lib/thumb2/libc.a(lib_a-impure.o)
                0x08010824                _global_impure_ptr
 .rodata        0x08010828       0x20 /home/orhan/CodeSourcery/Sourcery_CodeBench_Lite_for_ARM_EABI/bin/../lib/gcc/arm-none-eabi/4.7.2/../../../../arm-none-eabi/lib/thumb2/libc.a(lib_a-vfprintf.o)
 .rodata        0x08010848       0x60 /home/orhan/CodeSourcery/Sourcery_CodeBench_Lite_for_ARM_EABI/bin/../lib/gcc/arm-none-eabi/4.7.2/../../../../arm-none-eabi/lib/thumb2/libc.a(lib_a-findfp.o)
                0x08010848                __sf_fake_stderr
                0x08010868                __sf_fake_stdout
                0x08010888                __sf_fake_stdin
 .rodata        0x080108a8      0x128 /home/orhan/CodeSourcery/Sourcery_CodeBench_Lite_for_ARM_EABI/bin/../lib/gcc/arm-none-eabi/4.7.2/../../../../arm-none-eabi/lib/thumb2/libc.a(lib_a-mprec.o)
                0x080108b8                __mprec_tens
                0x08010980                __mprec_tinytens
                0x080109a8                __mprec_bigtens
 .rodata        0x080109d0       0x20 /home/orhan/CodeSourcery/Sourcery_CodeBench_Lite_for_ARM_EABI/bin/../lib/gcc/arm-none-eabi/4.7.2/../../../../arm-none-eabi/lib/thumb2/libc.a(lib_a-vfiprintf.o)
 *(.rodata*)
 .rodata.str1.4
                0x080109f0       0x7b dbg/bsp.o
                                 0x7c (size before relaxing)
 *fill*         0x08010a6b        0x1 
 .rodata.str1.4
                0x08010a6c       0x31 dbg/newlib_stub.o
                                 0x34 (size before relaxing)
 *fill*         0x08010a9d        0x3 
 .rodata.str1.4
                0x08010aa0        0x6 dbg/main.o
                                  0x8 (size before relaxing)
 *fill*         0x08010aa6        0x2 
 .rodata.str1.4
                0x08010aa8       0x15 dbg/startup_stm32f10x_cl.o
                                 0x18 (size before relaxing)
 *fill*         0x08010abd        0x3 
 .rodata.str1.4
                0x08010ac0       0x15 dbg/stm3210c_eval_lcd.o
                                 0x18 (size before relaxing)
 *fill*         0x08010ad5        0x3 
 .rodata.str1.4
                0x08010ad8        0x2 /home/orhan/CodeSourcery/Sourcery_CodeBench_Lite_for_ARM_EABI/bin/../lib/gcc/arm-none-eabi/4.7.2/../../../../arm-none-eabi/lib/thumb2/libc.a(lib_a-impure.o)
                                  0x4 (size before relaxing)
 .rodata.str1.4
                0x00000000        0x2 /home/orhan/CodeSourcery/Sourcery_CodeBench_Lite_for_ARM_EABI/bin/../lib/gcc/arm-none-eabi/4.7.2/../../../../arm-none-eabi/lib/thumb2/libc.a(lib_a-puts.o)
                                  0x4 (size before relaxing)
 *fill*         0x08010ada        0x2 
 .rodata.str1.4
                0x08010adc       0x42 /home/orhan/CodeSourcery/Sourcery_CodeBench_Lite_for_ARM_EABI/bin/../lib/gcc/arm-none-eabi/4.7.2/../../../../arm-none-eabi/lib/thumb2/libc.a(lib_a-vfprintf.o)
                                 0x44 (size before relaxing)
 *fill*         0x08010b1e        0x2 
 .rodata.str1.4
                0x08010b20       0x10 /home/orhan/CodeSourcery/Sourcery_CodeBench_Lite_for_ARM_EABI/bin/../lib/gcc/arm-none-eabi/4.7.2/../../../../arm-none-eabi/lib/thumb2/libc.a(lib_a-dtoa.o)
                                 0x14 (size before relaxing)
 .rodata.str1.4
                0x08010b30        0xc /home/orhan/CodeSourcery/Sourcery_CodeBench_Lite_for_ARM_EABI/bin/../lib/gcc/arm-none-eabi/4.7.2/../../../../arm-none-eabi/lib/thumb2/libc.a(lib_a-locale.o)
                                 0x14 (size before relaxing)
 .rodata.str1.4
                0x00000000       0x30 /home/orhan/CodeSourcery/Sourcery_CodeBench_Lite_for_ARM_EABI/bin/../lib/gcc/arm-none-eabi/4.7.2/../../../../arm-none-eabi/lib/thumb2/libc.a(lib_a-vfiprintf.o)
 *(.init)
 *(.fini)
                0x08010b3c                . = ALIGN (0x4)
                0x08010b3c                _etext = .

.glue_7         0x08010b3c        0x0
 .glue_7        0x00000000        0x0 linker stubs

.glue_7t        0x08010b3c        0x0
 .glue_7t       0x00000000        0x0 linker stubs

.vfp11_veneer   0x08010b3c        0x0
 .vfp11_veneer  0x00000000        0x0 linker stubs

.v4_bx          0x08010b3c        0x0
 .v4_bx         0x00000000        0x0 linker stubs

.iplt           0x08010b3c        0x0
 .iplt          0x00000000        0x0 dbg/bsp.o

.rel.dyn        0x08010b3c        0x0
 .rel.iplt      0x00000000        0x0 dbg/bsp.o

.preinit_array  0x08010b3c        0x0
                0x08010b3c                PROVIDE (__preinit_array_start, .)
 *(.preinit_array*)
                0x08010b3c                PROVIDE (__preinit_array_end, .)

.init_array     0x08010b3c        0x0
                0x08010b3c                PROVIDE (__init_array_start, .)
 *(SORT(.init_array.*))
 *(.init_array*)
                0x08010b3c                PROVIDE (__init_array_end, .)

.fini_array     0x08010b3c        0x0
                0x08010b3c                PROVIDE (__fini_array_start, .)
 *(.fini_array*)
 *(SORT(.fini_array.*))
                0x08010b3c                PROVIDE (__fini_array_end, .)

.data           0x20000000      0x5e0 load address 0x08010b3c
                0x08010b3c                __data_load = LOADADDR (.data)
                0x20000000                __data_start = .
 *(.data)
 .data          0x20000000        0x2 dbg/bsp.o
 .data          0x20000002        0x0 dbg/bh1750.o
 .data          0x20000002        0x0 dbg/lpj.o
 *fill*         0x20000002        0x2 
 .data          0x20000004        0x4 dbg/newlib_stub.o
                0x20000004                environ
 .data          0x20000008        0x0 dbg/main.o
 .data          0x20000008        0x0 dbg/pir.o
 .data          0x20000008       0x10 dbg/usart.o
                0x20000008                TxBufferSize
                0x2000000c                TxBuffer
 .data          0x20000018        0x0 dbg/timer.o
 .data          0x20000018        0x0 dbg/startup_stm32f10x_cl.o
 .data          0x20000018        0x0 dbg/system_stm32f10x.o
 .data          0x20000018       0x24 dbg/stm32_eval.o
                0x20000018                GPIO_PORT
                0x20000028                BUTTON_PORT
                0x20000034                COM_PORT
                0x20000038                COM_USART
 .data          0x2000003c        0x2 dbg/stm3210c_eval_lcd.o
 *fill*         0x2000003e        0x2 
 .data          0x20000040        0x4 dbg/stm3210c_eval_ioe.o
                0x20000040                TimeOut
 .data          0x20000044        0x0 dbg/misc.o
 .data          0x20000044        0x0 dbg/stm32f10x_adc.o
 .data          0x20000044        0x0 dbg/stm32f10x_bkp.o
 .data          0x20000044        0x0 dbg/stm32f10x_can.o
 .data          0x20000044        0x0 dbg/stm32f10x_crc.o
 .data          0x20000044        0x0 dbg/stm32f10x_dac.o
 .data          0x20000044        0x0 dbg/stm32f10x_dbgmcu.o
 .data          0x20000044        0x0 dbg/stm32f10x_dma.o
 .data          0x20000044        0x0 dbg/stm32f10x_exti.o
 .data          0x20000044        0x0 dbg/stm32f10x_flash.o
 .data          0x20000044        0x0 dbg/stm32f10x_fsmc.o
 .data          0x20000044        0x0 dbg/stm32f10x_gpio.o
 .data          0x20000044        0x0 dbg/stm32f10x_i2c.o
 .data          0x20000044        0x0 dbg/stm32f10x_iwdg.o
 .data          0x20000044        0x0 dbg/stm32f10x_pwr.o
 .data          0x20000044       0x14 dbg/stm32f10x_rcc.o
 .data          0x20000058        0x0 dbg/stm32f10x_rtc.o
 .data          0x20000058        0x0 dbg/stm32f10x_sdio.o
 .data          0x20000058        0x0 dbg/stm32f10x_spi.o
 .data          0x20000058        0x0 dbg/stm32f10x_tim.o
 .data          0x20000058        0x0 dbg/stm32f10x_usart.o
 .data          0x20000058        0x0 dbg/stm32f10x_wwdg.o
 .data          0x20000058        0x0 /home/orhan/qp/qpc/ports/arm-cortex/qk/gnu/dbg/libqp_cortex-m3_cs.a(qhsm_top.o)
 .data          0x20000058        0x0 /home/orhan/qp/qpc/ports/arm-cortex/qk/gnu/dbg/libqp_cortex-m3_cs.a(qa_fifo.o)
 .data          0x20000058        0x0 /home/orhan/qp/qpc/ports/arm-cortex/qk/gnu/dbg/libqp_cortex-m3_cs.a(qf_new.o)
 .data          0x20000058        0x0 /home/orhan/qp/qpc/ports/arm-cortex/qk/gnu/dbg/libqp_cortex-m3_cs.a(qf_pool.o)
 .data          0x20000058        0x0 /home/orhan/qp/qpc/ports/arm-cortex/qk/gnu/dbg/libqp_cortex-m3_cs.a(qf_pwr2.o)
 .data          0x20000058        0x0 /home/orhan/qp/qpc/ports/arm-cortex/qk/gnu/dbg/libqp_cortex-m3_cs.a(qf_tick.o)
 .data          0x20000058        0x0 /home/orhan/qp/qpc/ports/arm-cortex/qk/gnu/dbg/libqp_cortex-m3_cs.a(qmp_get.o)
 .data          0x20000058        0x0 /home/orhan/qp/qpc/ports/arm-cortex/qk/gnu/dbg/libqp_cortex-m3_cs.a(qmp_init.o)
 .data          0x20000058        0x0 /home/orhan/qp/qpc/ports/arm-cortex/qk/gnu/dbg/libqp_cortex-m3_cs.a(qte_ctor.o)
 .data          0x20000058        0x0 /home/orhan/qp/qpc/ports/arm-cortex/qk/gnu/dbg/libqp_cortex-m3_cs.a(qte_arm.o)
 .data          0x20000058        0x1 /home/orhan/qp/qpc/ports/arm-cortex/qk/gnu/dbg/libqp_cortex-m3_cs.a(qk.o)
                0x20000058                QK_currPrio_
 .data          0x20000059        0x0 /home/orhan/qp/qpc/ports/arm-cortex/qk/gnu/dbg/libqp_cortex-m3_cs.a(qk_sched.o)
 .data          0x20000059        0x0 /home/orhan/qp/qpc/ports/arm-cortex/qk/gnu/dbg/libqp_cortex-m3_cs.a(qk_mutex.o)
 .data          0x20000059        0x0 /home/orhan/qp/qpc/ports/arm-cortex/qk/gnu/dbg/libqp_cortex-m3_cs.a(qhsm_ini.o)
 .data          0x20000059        0x0 /home/orhan/qp/qpc/ports/arm-cortex/qk/gnu/dbg/libqp_cortex-m3_cs.a(qhsm_dis.o)
 .data          0x20000059        0x0 /home/orhan/qp/qpc/ports/arm-cortex/qk/gnu/dbg/libqp_cortex-m3_cs.a(qa_get_.o)
 .data          0x20000059        0x0 /home/orhan/qp/qpc/ports/arm-cortex/qk/gnu/dbg/libqp_cortex-m3_cs.a(qeq_init.o)
 .data          0x20000059        0x0 /home/orhan/qp/qpc/ports/arm-cortex/qk/gnu/dbg/libqp_cortex-m3_cs.a(qf_act.o)
 .data          0x20000059        0x0 /home/orhan/qp/qpc/ports/arm-cortex/qk/gnu/dbg/libqp_cortex-m3_cs.a(qf_gc.o)
 .data          0x20000059        0x0 /home/orhan/qp/qpc/ports/arm-cortex/qk/gnu/dbg/libqp_cortex-m3_cs.a(qf_log2.o)
 .data          0x20000059        0x0 /home/orhan/qp/qpc/ports/arm-cortex/qk/gnu/dbg/libqp_cortex-m3_cs.a(qmp_put.o)
 .data          0x20000059        0x0 /home/orhan/qp/qpc/ports/arm-cortex/qk/gnu/dbg/libqp_cortex-m3_cs.a(qk_port.o)
 .data          0x20000059        0x0 /home/orhan/qp/qpc/ports/arm-cortex/qk/gnu/dbg/libqp_cortex-m3_cs.a(qep.o)
 .data          0x20000059        0x0 /home/orhan/CodeSourcery/Sourcery_CodeBench_Lite_for_ARM_EABI/bin/../lib/gcc/arm-none-eabi/4.7.2/../../../../arm-none-eabi/lib/thumb2/libc.a(lib_a-fwrite.o)
 *fill*         0x20000059        0x3 
 .data          0x2000005c       0xf4 /home/orhan/CodeSourcery/Sourcery_CodeBench_Lite_for_ARM_EABI/bin/../lib/gcc/arm-none-eabi/4.7.2/../../../../arm-none-eabi/lib/thumb2/libc.a(lib_a-impure.o)
                0x2000005c                _impure_ptr
 .data          0x20000150        0x0 /home/orhan/CodeSourcery/Sourcery_CodeBench_Lite_for_ARM_EABI/bin/../lib/gcc/arm-none-eabi/4.7.2/../../../../arm-none-eabi/lib/thumb2/libc.a(lib_a-init.o)
 .data          0x20000150        0x0 /home/orhan/CodeSourcery/Sourcery_CodeBench_Lite_for_ARM_EABI/bin/../lib/gcc/arm-none-eabi/4.7.2/../../../../arm-none-eabi/lib/thumb2/libc.a(lib_a-printf.o)
 .data          0x20000150        0x0 /home/orhan/CodeSourcery/Sourcery_CodeBench_Lite_for_ARM_EABI/bin/../lib/gcc/arm-none-eabi/4.7.2/../../../../arm-none-eabi/lib/thumb2/libc.a(lib_a-puts.o)
 .data          0x20000150        0x0 /home/orhan/CodeSourcery/Sourcery_CodeBench_Lite_for_ARM_EABI/bin/../lib/gcc/arm-none-eabi/4.7.2/../../../../arm-none-eabi/lib/thumb2/libc.a(lib_a-setbuf.o)
 .data          0x20000150        0x0 /home/orhan/CodeSourcery/Sourcery_CodeBench_Lite_for_ARM_EABI/bin/../lib/gcc/arm-none-eabi/4.7.2/../../../../arm-none-eabi/lib/thumb2/libc.a(lib_a-setvbuf.o)
 .data          0x20000150        0x0 /home/orhan/CodeSourcery/Sourcery_CodeBench_Lite_for_ARM_EABI/bin/../lib/gcc/arm-none-eabi/4.7.2/../../../../arm-none-eabi/lib/thumb2/libc.a(lib_a-strcmp.o)
 .data          0x20000150        0x0 /home/orhan/CodeSourcery/Sourcery_CodeBench_Lite_for_ARM_EABI/bin/../lib/gcc/arm-none-eabi/4.7.2/../../../../arm-none-eabi/lib/thumb2/libc.a(lib_a-strlen.o)
 .data          0x20000150        0x0 /home/orhan/CodeSourcery/Sourcery_CodeBench_Lite_for_ARM_EABI/bin/../lib/gcc/arm-none-eabi/4.7.2/../../../../arm-none-eabi/lib/thumb2/libc.a(lib_a-sysread.o)
 .data          0x20000150        0x0 /home/orhan/CodeSourcery/Sourcery_CodeBench_Lite_for_ARM_EABI/bin/../lib/gcc/arm-none-eabi/4.7.2/../../../../arm-none-eabi/lib/thumb2/libc.a(lib_a-syswrite.o)
 .data          0x20000150        0x0 /home/orhan/CodeSourcery/Sourcery_CodeBench_Lite_for_ARM_EABI/bin/../lib/gcc/arm-none-eabi/4.7.2/../../../../arm-none-eabi/lib/thumb2/libc.a(lib_a-vfprintf.o)
 .data          0x20000150        0x0 /home/orhan/CodeSourcery/Sourcery_CodeBench_Lite_for_ARM_EABI/bin/../lib/gcc/arm-none-eabi/4.7.2/../../../../arm-none-eabi/lib/thumb2/libc.a(lib_a-writer.o)
 .data          0x20000150        0x0 /home/orhan/CodeSourcery/Sourcery_CodeBench_Lite_for_ARM_EABI/bin/../lib/gcc/arm-none-eabi/4.7.2/../../../../arm-none-eabi/lib/thumb2/libc.a(lib_a-wsetup.o)
 .data          0x20000150        0x0 /home/orhan/CodeSourcery/Sourcery_CodeBench_Lite_for_ARM_EABI/bin/../lib/gcc/arm-none-eabi/4.7.2/../../../../arm-none-eabi/lib/thumb2/libc.a(lib_a-dtoa.o)
 .data          0x20000150        0x0 /home/orhan/CodeSourcery/Sourcery_CodeBench_Lite_for_ARM_EABI/bin/../lib/gcc/arm-none-eabi/4.7.2/../../../../arm-none-eabi/lib/thumb2/libc.a(lib_a-fflush.o)
 .data          0x20000150        0x0 /home/orhan/CodeSourcery/Sourcery_CodeBench_Lite_for_ARM_EABI/bin/../lib/gcc/arm-none-eabi/4.7.2/../../../../arm-none-eabi/lib/thumb2/libc.a(lib_a-findfp.o)
 .data          0x20000150        0x0 /home/orhan/CodeSourcery/Sourcery_CodeBench_Lite_for_ARM_EABI/bin/../lib/gcc/arm-none-eabi/4.7.2/../../../../arm-none-eabi/lib/thumb2/libc.a(lib_a-freer.o)
 .data          0x20000150        0x0 /home/orhan/CodeSourcery/Sourcery_CodeBench_Lite_for_ARM_EABI/bin/../lib/gcc/arm-none-eabi/4.7.2/../../../../arm-none-eabi/lib/thumb2/libc.a(lib_a-fvwrite.o)
 .data          0x20000150        0x0 /home/orhan/CodeSourcery/Sourcery_CodeBench_Lite_for_ARM_EABI/bin/../lib/gcc/arm-none-eabi/4.7.2/../../../../arm-none-eabi/lib/thumb2/libc.a(lib_a-fwalk.o)
 .data          0x20000150       0x7c /home/orhan/CodeSourcery/Sourcery_CodeBench_Lite_for_ARM_EABI/bin/../lib/gcc/arm-none-eabi/4.7.2/../../../../arm-none-eabi/lib/thumb2/libc.a(lib_a-locale.o)
                0x20000170                __mb_cur_max
 .data          0x200001cc        0x0 /home/orhan/CodeSourcery/Sourcery_CodeBench_Lite_for_ARM_EABI/bin/../lib/gcc/arm-none-eabi/4.7.2/../../../../arm-none-eabi/lib/thumb2/libc.a(lib_a-makebuf.o)
 .data          0x200001cc        0x0 /home/orhan/CodeSourcery/Sourcery_CodeBench_Lite_for_ARM_EABI/bin/../lib/gcc/arm-none-eabi/4.7.2/../../../../arm-none-eabi/lib/thumb2/libc.a(lib_a-malloc.o)
 .data          0x200001cc      0x410 /home/orhan/CodeSourcery/Sourcery_CodeBench_Lite_for_ARM_EABI/bin/../lib/gcc/arm-none-eabi/4.7.2/../../../../arm-none-eabi/lib/thumb2/libc.a(lib_a-mallocr.o)
                0x200001cc                __malloc_av_
                0x200005d4                __malloc_sbrk_base
                0x200005d8                __malloc_trim_threshold
 .data          0x200005dc        0x0 /home/orhan/CodeSourcery/Sourcery_CodeBench_Lite_for_ARM_EABI/bin/../lib/gcc/arm-none-eabi/4.7.2/../../../../arm-none-eabi/lib/thumb2/libc.a(lib_a-memchr.o)
 .data          0x200005dc        0x0 /home/orhan/CodeSourcery/Sourcery_CodeBench_Lite_for_ARM_EABI/bin/../lib/gcc/arm-none-eabi/4.7.2/../../../../arm-none-eabi/lib/thumb2/libc.a(lib_a-memcpy.o)
 .data          0x200005dc        0x0 /home/orhan/CodeSourcery/Sourcery_CodeBench_Lite_for_ARM_EABI/bin/../lib/gcc/arm-none-eabi/4.7.2/../../../../arm-none-eabi/lib/thumb2/libc.a(lib_a-memmove.o)
 .data          0x200005dc        0x0 /home/orhan/CodeSourcery/Sourcery_CodeBench_Lite_for_ARM_EABI/bin/../lib/gcc/arm-none-eabi/4.7.2/../../../../arm-none-eabi/lib/thumb2/libc.a(lib_a-memset.o)
 .data          0x200005dc        0x0 /home/orhan/CodeSourcery/Sourcery_CodeBench_Lite_for_ARM_EABI/bin/../lib/gcc/arm-none-eabi/4.7.2/../../../../arm-none-eabi/lib/thumb2/libc.a(lib_a-mlock.o)
 .data          0x200005dc        0x0 /home/orhan/CodeSourcery/Sourcery_CodeBench_Lite_for_ARM_EABI/bin/../lib/gcc/arm-none-eabi/4.7.2/../../../../arm-none-eabi/lib/thumb2/libc.a(lib_a-mprec.o)
 .data          0x200005dc        0x0 /home/orhan/CodeSourcery/Sourcery_CodeBench_Lite_for_ARM_EABI/bin/../lib/gcc/arm-none-eabi/4.7.2/../../../../arm-none-eabi/lib/thumb2/libc.a(lib_a-readr.o)
 .data          0x200005dc        0x0 /home/orhan/CodeSourcery/Sourcery_CodeBench_Lite_for_ARM_EABI/bin/../lib/gcc/arm-none-eabi/4.7.2/../../../../arm-none-eabi/lib/thumb2/libc.a(lib_a-reallocr.o)
 .data          0x200005dc        0x0 /home/orhan/CodeSourcery/Sourcery_CodeBench_Lite_for_ARM_EABI/bin/../lib/gcc/arm-none-eabi/4.7.2/../../../../arm-none-eabi/lib/thumb2/libc.a(lib_a-s_fpclassify.o)
 .data          0x200005dc        0x0 /home/orhan/CodeSourcery/Sourcery_CodeBench_Lite_for_ARM_EABI/bin/../lib/gcc/arm-none-eabi/4.7.2/../../../../arm-none-eabi/lib/thumb2/libc.a(lib_a-sbrkr.o)
 .data          0x200005dc        0x0 /home/orhan/CodeSourcery/Sourcery_CodeBench_Lite_for_ARM_EABI/bin/../lib/gcc/arm-none-eabi/4.7.2/../../../../arm-none-eabi/lib/thumb2/libc.a(lib_a-stdio.o)
 .data          0x200005dc        0x0 /home/orhan/CodeSourcery/Sourcery_CodeBench_Lite_for_ARM_EABI/bin/../lib/gcc/arm-none-eabi/4.7.2/../../../../arm-none-eabi/lib/thumb2/libc.a(lib_a-vfiprintf.o)
 .data          0x200005dc        0x0 /home/orhan/CodeSourcery/Sourcery_CodeBench_Lite_for_ARM_EABI/bin/../lib/gcc/arm-none-eabi/4.7.2/../../../../arm-none-eabi/lib/thumb2/libc.a(lib_a-callocr.o)
 .data          0x200005dc        0x0 /home/orhan/CodeSourcery/Sourcery_CodeBench_Lite_for_ARM_EABI/bin/../lib/gcc/arm-none-eabi/4.7.2/../../../../arm-none-eabi/lib/thumb2/libc.a(lib_a-closer.o)
 .data          0x200005dc        0x0 /home/orhan/CodeSourcery/Sourcery_CodeBench_Lite_for_ARM_EABI/bin/../lib/gcc/arm-none-eabi/4.7.2/../../../../arm-none-eabi/lib/thumb2/libc.a(lib_a-fclose.o)
 .data          0x200005dc        0x0 /home/orhan/CodeSourcery/Sourcery_CodeBench_Lite_for_ARM_EABI/bin/../lib/gcc/arm-none-eabi/4.7.2/../../../../arm-none-eabi/lib/thumb2/libc.a(lib_a-fputwc.o)
 .data          0x200005dc        0x0 /home/orhan/CodeSourcery/Sourcery_CodeBench_Lite_for_ARM_EABI/bin/../lib/gcc/arm-none-eabi/4.7.2/../../../../arm-none-eabi/lib/thumb2/libc.a(lib_a-fstatr.o)
 .data          0x200005dc        0x0 /home/orhan/CodeSourcery/Sourcery_CodeBench_Lite_for_ARM_EABI/bin/../lib/gcc/arm-none-eabi/4.7.2/../../../../arm-none-eabi/lib/thumb2/libc.a(lib_a-isattyr.o)
 .data          0x200005dc        0x0 /home/orhan/CodeSourcery/Sourcery_CodeBench_Lite_for_ARM_EABI/bin/../lib/gcc/arm-none-eabi/4.7.2/../../../../arm-none-eabi/lib/thumb2/libc.a(lib_a-lseekr.o)
 .data          0x200005dc        0x0 /home/orhan/CodeSourcery/Sourcery_CodeBench_Lite_for_ARM_EABI/bin/../lib/gcc/arm-none-eabi/4.7.2/../../../../arm-none-eabi/lib/thumb2/libc.a(lib_a-wbuf.o)
 .data          0x200005dc        0x0 /home/orhan/CodeSourcery/Sourcery_CodeBench_Lite_for_ARM_EABI/bin/../lib/gcc/arm-none-eabi/4.7.2/../../../../arm-none-eabi/lib/thumb2/libc.a(lib_a-wcrtomb.o)
 .data          0x200005dc        0x4 /home/orhan/CodeSourcery/Sourcery_CodeBench_Lite_for_ARM_EABI/bin/../lib/gcc/arm-none-eabi/4.7.2/../../../../arm-none-eabi/lib/thumb2/libc.a(lib_a-wctomb_r.o)
                0x200005dc                __wctomb
 .data          0x200005e0        0x0 /home/orhan/CodeSourcery/Sourcery_CodeBench_Lite_for_ARM_EABI/bin/../lib/gcc/arm-none-eabi/4.7.2/thumb2/libgcc.a(_udivsi3.o)
 .data          0x200005e0        0x0 /home/orhan/CodeSourcery/Sourcery_CodeBench_Lite_for_ARM_EABI/bin/../lib/gcc/arm-none-eabi/4.7.2/thumb2/libgcc.a(_dvmd_tls.o)
 .data          0x200005e0        0x0 /home/orhan/CodeSourcery/Sourcery_CodeBench_Lite_for_ARM_EABI/bin/../lib/gcc/arm-none-eabi/4.7.2/thumb2/libgcc.a(_arm_addsubdf3.o)
 .data          0x200005e0        0x0 /home/orhan/CodeSourcery/Sourcery_CodeBench_Lite_for_ARM_EABI/bin/../lib/gcc/arm-none-eabi/4.7.2/thumb2/libgcc.a(_arm_muldivdf3.o)
 .data          0x200005e0        0x0 /home/orhan/CodeSourcery/Sourcery_CodeBench_Lite_for_ARM_EABI/bin/../lib/gcc/arm-none-eabi/4.7.2/thumb2/libgcc.a(_arm_cmpdf2.o)
 .data          0x200005e0        0x0 /home/orhan/CodeSourcery/Sourcery_CodeBench_Lite_for_ARM_EABI/bin/../lib/gcc/arm-none-eabi/4.7.2/thumb2/libgcc.a(_arm_fixdfsi.o)
 .data          0x200005e0        0x0 /home/orhan/CodeSourcery/Sourcery_CodeBench_Lite_for_ARM_EABI/bin/../lib/gcc/arm-none-eabi/4.7.2/thumb2/libgcc.a(_arm_fixunsdfsi.o)
 .data          0x200005e0        0x0 /home/orhan/CodeSourcery/Sourcery_CodeBench_Lite_for_ARM_EABI/bin/../lib/gcc/arm-none-eabi/4.7.2/thumb2/libgcc.a(_aeabi_uldivmod.o)
 .data          0x200005e0        0x0 /home/orhan/CodeSourcery/Sourcery_CodeBench_Lite_for_ARM_EABI/bin/../lib/gcc/arm-none-eabi/4.7.2/thumb2/libgcc.a(bpabi.o)
 .data          0x200005e0        0x0 /home/orhan/CodeSourcery/Sourcery_CodeBench_Lite_for_ARM_EABI/bin/../lib/gcc/arm-none-eabi/4.7.2/thumb2/libgcc.a(_divdi3.o)
 .data          0x200005e0        0x0 /home/orhan/CodeSourcery/Sourcery_CodeBench_Lite_for_ARM_EABI/bin/../lib/gcc/arm-none-eabi/4.7.2/thumb2/libgcc.a(_udivdi3.o)
 *(.data*)
                0x200005e0                . = ALIGN (0x4)
                0x200005e0                __data_end__ = .
                0x200005e0                _edata = __data_end__

.igot.plt       0x200005e0        0x0 load address 0x0801111c
 .igot.plt      0x00000000        0x0 dbg/bsp.o

.bss            0x200005e0      0x268 load address 0x0801111c
                0x200005e0                __bss_start__ = .
 *(.bss)
 .bss           0x200005e0       0x14 dbg/bsp.o
 .bss           0x200005f4        0x0 dbg/bh1750.o
 .bss           0x200005f4       0x34 dbg/lpj.o
 .bss           0x20000628        0x8 dbg/newlib_stub.o
                0x2000062c                __env
 .bss           0x20000630       0xa0 dbg/main.o
 .bss           0x200006d0        0x0 dbg/pir.o
 .bss           0x200006d0        0x1 dbg/usart.o
                0x200006d0                TxCounter
 .bss           0x200006d1        0x0 dbg/timer.o
 .bss           0x200006d1        0x0 dbg/startup_stm32f10x_cl.o
 .bss           0x200006d1        0x0 dbg/system_stm32f10x.o
 .bss           0x200006d1        0x0 dbg/stm32_eval.o
 *fill*         0x200006d1        0x1 
 .bss           0x200006d2        0x2 dbg/stm3210c_eval_lcd.o
 .bss           0x200006d4        0xc dbg/stm3210c_eval_ioe.o
 .bss           0x200006e0        0x0 dbg/misc.o
 .bss           0x200006e0        0x0 dbg/stm32f10x_adc.o
 .bss           0x200006e0        0x0 dbg/stm32f10x_bkp.o
 .bss           0x200006e0        0x0 dbg/stm32f10x_can.o
 .bss           0x200006e0        0x0 dbg/stm32f10x_crc.o
 .bss           0x200006e0        0x0 dbg/stm32f10x_dac.o
 .bss           0x200006e0        0x0 dbg/stm32f10x_dbgmcu.o
 .bss           0x200006e0        0x0 dbg/stm32f10x_dma.o
 .bss           0x200006e0        0x0 dbg/stm32f10x_exti.o
 .bss           0x200006e0        0x0 dbg/stm32f10x_flash.o
 .bss           0x200006e0        0x0 dbg/stm32f10x_fsmc.o
 .bss           0x200006e0        0x0 dbg/stm32f10x_gpio.o
 .bss           0x200006e0        0x0 dbg/stm32f10x_i2c.o
 .bss           0x200006e0        0x0 dbg/stm32f10x_iwdg.o
 .bss           0x200006e0        0x0 dbg/stm32f10x_pwr.o
 .bss           0x200006e0        0x0 dbg/stm32f10x_rcc.o
 .bss           0x200006e0        0x0 dbg/stm32f10x_rtc.o
 .bss           0x200006e0        0x0 dbg/stm32f10x_sdio.o
 .bss           0x200006e0        0x0 dbg/stm32f10x_spi.o
 .bss           0x200006e0        0x0 dbg/stm32f10x_tim.o
 .bss           0x200006e0        0x0 dbg/stm32f10x_usart.o
 .bss           0x200006e0        0x0 dbg/stm32f10x_wwdg.o
 .bss           0x200006e0        0x0 /home/orhan/qp/qpc/ports/arm-cortex/qk/gnu/dbg/libqp_cortex-m3_cs.a(qhsm_top.o)
 .bss           0x200006e0        0x0 /home/orhan/qp/qpc/ports/arm-cortex/qk/gnu/dbg/libqp_cortex-m3_cs.a(qa_fifo.o)
 .bss           0x200006e0        0x0 /home/orhan/qp/qpc/ports/arm-cortex/qk/gnu/dbg/libqp_cortex-m3_cs.a(qf_new.o)
 .bss           0x200006e0       0x7c /home/orhan/qp/qpc/ports/arm-cortex/qk/gnu/dbg/libqp_cortex-m3_cs.a(qf_pool.o)
                0x200006e0                QF_maxPool_
                0x200006e4                QF_pool_
 .bss           0x2000075c        0x0 /home/orhan/qp/qpc/ports/arm-cortex/qk/gnu/dbg/libqp_cortex-m3_cs.a(qf_pwr2.o)
 .bss           0x2000075c        0x0 /home/orhan/qp/qpc/ports/arm-cortex/qk/gnu/dbg/libqp_cortex-m3_cs.a(qf_tick.o)
 .bss           0x2000075c        0x0 /home/orhan/qp/qpc/ports/arm-cortex/qk/gnu/dbg/libqp_cortex-m3_cs.a(qmp_get.o)
 .bss           0x2000075c        0x0 /home/orhan/qp/qpc/ports/arm-cortex/qk/gnu/dbg/libqp_cortex-m3_cs.a(qmp_init.o)
 .bss           0x2000075c        0x0 /home/orhan/qp/qpc/ports/arm-cortex/qk/gnu/dbg/libqp_cortex-m3_cs.a(qte_ctor.o)
 .bss           0x2000075c        0x4 /home/orhan/qp/qpc/ports/arm-cortex/qk/gnu/dbg/libqp_cortex-m3_cs.a(qte_arm.o)
                0x2000075c                QF_timeEvtListHead_
 .bss           0x20000760       0x10 /home/orhan/qp/qpc/ports/arm-cortex/qk/gnu/dbg/libqp_cortex-m3_cs.a(qk.o)
                0x20000760                QK_intNest_
                0x20000764                QK_readySet_
 .bss           0x20000770        0x0 /home/orhan/qp/qpc/ports/arm-cortex/qk/gnu/dbg/libqp_cortex-m3_cs.a(qk_sched.o)
 .bss           0x20000770        0x1 /home/orhan/qp/qpc/ports/arm-cortex/qk/gnu/dbg/libqp_cortex-m3_cs.a(qk_mutex.o)
                0x20000770                QK_ceilingPrio_
 .bss           0x20000771        0x0 /home/orhan/qp/qpc/ports/arm-cortex/qk/gnu/dbg/libqp_cortex-m3_cs.a(qhsm_ini.o)
 .bss           0x20000771        0x0 /home/orhan/qp/qpc/ports/arm-cortex/qk/gnu/dbg/libqp_cortex-m3_cs.a(qhsm_dis.o)
 .bss           0x20000771        0x0 /home/orhan/qp/qpc/ports/arm-cortex/qk/gnu/dbg/libqp_cortex-m3_cs.a(qa_get_.o)
 .bss           0x20000771        0x0 /home/orhan/qp/qpc/ports/arm-cortex/qk/gnu/dbg/libqp_cortex-m3_cs.a(qeq_init.o)
 *fill*         0x20000771        0x3 